<?xml version="1.0"?>
<link_info>
   <banner>MSP430 Linker PC v4.2.1</banner>
   <copyright>Copyright (c) 2003-2013 Texas Instruments Incorporated</copyright>
   <link_time>0x5848880f</link_time>
   <link_errors>0x0</link_errors>
   <output_file>224Lab9.out</output_file>
   <entry_point>
      <name>_c_int00</name>
      <address>0xa4dc</address>
   </entry_point>
   <input_file_list>
      <input_file id="fl-2">
         <path>.\</path>
         <kind>object</kind>
         <file>snakelib.obj</file>
         <name>snakelib.obj</name>
      </input_file>
      <input_file id="fl-3">
         <path>.\</path>
         <kind>object</kind>
         <file>snake_interrupts.obj</file>
         <name>snake_interrupts.obj</name>
      </input_file>
      <input_file id="fl-4">
         <path>.\</path>
         <kind>object</kind>
         <file>snake_images.obj</file>
         <name>snake_images.obj</name>
      </input_file>
      <input_file id="fl-5">
         <path>.\</path>
         <kind>object</kind>
         <file>snake_events.obj</file>
         <name>snake_events.obj</name>
      </input_file>
      <input_file id="fl-6">
         <path>.\</path>
         <kind>object</kind>
         <file>snake.obj</file>
         <name>snake.obj</name>
      </input_file>
      <input_file id="fl-7">
         <path>.\</path>
         <kind>object</kind>
         <file>RBX430_lcd.obj</file>
         <name>RBX430_lcd.obj</name>
      </input_file>
      <input_file id="fl-8">
         <path>.\</path>
         <kind>object</kind>
         <file>RBX430-1.obj</file>
         <name>RBX430-1.obj</name>
      </input_file>
      <input_file id="fl-22">
         <path>C:\ti\ccsv5\tools\compiler\msp430_4.2.1\lib\</path>
         <kind>archive</kind>
         <file>rts430_eabi.lib</file>
         <name>boot.obj</name>
      </input_file>
      <input_file id="fl-23">
         <path>C:\ti\ccsv5\tools\compiler\msp430_4.2.1\lib\</path>
         <kind>archive</kind>
         <file>rts430_eabi.lib</file>
         <name>copy_decompress_none.obj</name>
      </input_file>
      <input_file id="fl-24">
         <path>C:\ti\ccsv5\tools\compiler\msp430_4.2.1\lib\</path>
         <kind>archive</kind>
         <file>rts430_eabi.lib</file>
         <name>copy_decompress_rle.obj</name>
      </input_file>
      <input_file id="fl-25">
         <path>C:\ti\ccsv5\tools\compiler\msp430_4.2.1\lib\</path>
         <kind>archive</kind>
         <file>rts430_eabi.lib</file>
         <name>copy_zero_init.obj</name>
      </input_file>
      <input_file id="fl-26">
         <path>C:\ti\ccsv5\tools\compiler\msp430_4.2.1\lib\</path>
         <kind>archive</kind>
         <file>rts430_eabi.lib</file>
         <name>div16s.obj</name>
      </input_file>
      <input_file id="fl-27">
         <path>C:\ti\ccsv5\tools\compiler\msp430_4.2.1\lib\</path>
         <kind>archive</kind>
         <file>rts430_eabi.lib</file>
         <name>div16u.obj</name>
      </input_file>
      <input_file id="fl-28">
         <path>C:\ti\ccsv5\tools\compiler\msp430_4.2.1\lib\</path>
         <kind>archive</kind>
         <file>rts430_eabi.lib</file>
         <name>epilog.obj</name>
      </input_file>
      <input_file id="fl-29">
         <path>C:\ti\ccsv5\tools\compiler\msp430_4.2.1\lib\</path>
         <kind>archive</kind>
         <file>rts430_eabi.lib</file>
         <name>exit.obj</name>
      </input_file>
      <input_file id="fl-2a">
         <path>C:\ti\ccsv5\tools\compiler\msp430_4.2.1\lib\</path>
         <kind>archive</kind>
         <file>rts430_eabi.lib</file>
         <name>int03.obj</name>
      </input_file>
      <input_file id="fl-2b">
         <path>C:\ti\ccsv5\tools\compiler\msp430_4.2.1\lib\</path>
         <kind>archive</kind>
         <file>rts430_eabi.lib</file>
         <name>int06.obj</name>
      </input_file>
      <input_file id="fl-2c">
         <path>C:\ti\ccsv5\tools\compiler\msp430_4.2.1\lib\</path>
         <kind>archive</kind>
         <file>rts430_eabi.lib</file>
         <name>int07.obj</name>
      </input_file>
      <input_file id="fl-2d">
         <path>C:\ti\ccsv5\tools\compiler\msp430_4.2.1\lib\</path>
         <kind>archive</kind>
         <file>rts430_eabi.lib</file>
         <name>int08.obj</name>
      </input_file>
      <input_file id="fl-2e">
         <path>C:\ti\ccsv5\tools\compiler\msp430_4.2.1\lib\</path>
         <kind>archive</kind>
         <file>rts430_eabi.lib</file>
         <name>int09.obj</name>
      </input_file>
      <input_file id="fl-2f">
         <path>C:\ti\ccsv5\tools\compiler\msp430_4.2.1\lib\</path>
         <kind>archive</kind>
         <file>rts430_eabi.lib</file>
         <name>int12.obj</name>
      </input_file>
      <input_file id="fl-30">
         <path>C:\ti\ccsv5\tools\compiler\msp430_4.2.1\lib\</path>
         <kind>archive</kind>
         <file>rts430_eabi.lib</file>
         <name>int13.obj</name>
      </input_file>
      <input_file id="fl-31">
         <path>C:\ti\ccsv5\tools\compiler\msp430_4.2.1\lib\</path>
         <kind>archive</kind>
         <file>rts430_eabi.lib</file>
         <name>int14.obj</name>
      </input_file>
      <input_file id="fl-32">
         <path>C:\ti\ccsv5\tools\compiler\msp430_4.2.1\lib\</path>
         <kind>archive</kind>
         <file>rts430_eabi.lib</file>
         <name>lsl16.obj</name>
      </input_file>
      <input_file id="fl-33">
         <path>C:\ti\ccsv5\tools\compiler\msp430_4.2.1\lib\</path>
         <kind>archive</kind>
         <file>rts430_eabi.lib</file>
         <name>lsr16.obj</name>
      </input_file>
      <input_file id="fl-34">
         <path>C:\ti\ccsv5\tools\compiler\msp430_4.2.1\lib\</path>
         <kind>archive</kind>
         <file>rts430_eabi.lib</file>
         <name>lsr32.obj</name>
      </input_file>
      <input_file id="fl-35">
         <path>C:\ti\ccsv5\tools\compiler\msp430_4.2.1\lib\</path>
         <kind>archive</kind>
         <file>rts430_eabi.lib</file>
         <name>memcpy.obj</name>
      </input_file>
      <input_file id="fl-36">
         <path>C:\ti\ccsv5\tools\compiler\msp430_4.2.1\lib\</path>
         <kind>archive</kind>
         <file>rts430_eabi.lib</file>
         <name>memory.obj</name>
      </input_file>
      <input_file id="fl-37">
         <path>C:\ti\ccsv5\tools\compiler\msp430_4.2.1\lib\</path>
         <kind>archive</kind>
         <file>rts430_eabi.lib</file>
         <name>mult16.obj</name>
      </input_file>
      <input_file id="fl-38">
         <path>C:\ti\ccsv5\tools\compiler\msp430_4.2.1\lib\</path>
         <kind>archive</kind>
         <file>rts430_eabi.lib</file>
         <name>pre_init.obj</name>
      </input_file>
      <input_file id="fl-39">
         <path>C:\ti\ccsv5\tools\compiler\msp430_4.2.1\lib\</path>
         <kind>archive</kind>
         <file>rts430_eabi.lib</file>
         <name>rand.obj</name>
      </input_file>
      <input_file id="fl-3a">
         <path>C:\ti\ccsv5\tools\compiler\msp430_4.2.1\lib\</path>
         <kind>archive</kind>
         <file>rts430_eabi.lib</file>
         <name>strlen.obj</name>
      </input_file>
      <input_file id="fl-3b">
         <path>C:\ti\ccsv5\tools\compiler\msp430_4.2.1\lib\</path>
         <kind>archive</kind>
         <file>rts430_eabi.lib</file>
         <name>_lock.obj</name>
      </input_file>
      <input_file id="fl-3c">
         <path>C:\ti\ccsv5\tools\compiler\msp430_4.2.1\lib\</path>
         <kind>archive</kind>
         <file>rts430_eabi.lib</file>
         <name>args_main.obj</name>
      </input_file>
      <input_file id="fl-3d">
         <path>C:\ti\ccsv5\tools\compiler\msp430_4.2.1\lib\</path>
         <kind>archive</kind>
         <file>rts430_eabi.lib</file>
         <name>autoinit.obj</name>
      </input_file>
      <input_file id="fl-3e">
         <path>C:\ti\ccsv5\tools\compiler\msp430_4.2.1\lib\</path>
         <kind>archive</kind>
         <file>rts430_eabi.lib</file>
         <name>mult32.obj</name>
      </input_file>
   </input_file_list>
   <object_component_list>
      <object_component id="oc-4f">
         <name>.sysmem</name>
         <uninitialized>true</uninitialized>
         <run_address>0x344</run_address>
         <size>0x4</size>
         <input_file_ref idref="fl-36"/>
      </object_component>
      <object_component id="oc-4a6">
         <name>.sysmem</name>
         <uninitialized>true</uninitialized>
         <run_address>0x344</run_address>
         <size>0x0</size>
      </object_component>
      <object_component id="oc-4c">
         <name>.stack</name>
         <uninitialized>true</uninitialized>
         <run_address>0x5b0</run_address>
         <size>0x2</size>
         <input_file_ref idref="fl-22"/>
      </object_component>
      <object_component id="oc-4a5">
         <name>.stack</name>
         <uninitialized>true</uninitialized>
         <run_address>0x5b0</run_address>
         <size>0x0</size>
      </object_component>
      <object_component id="oc-22f">
         <name>.text:lcd_point</name>
         <load_address>0x8000</load_address>
         <run_address>0x8000</run_address>
         <size>0x246</size>
         <input_file_ref idref="fl-7"/>
      </object_component>
      <object_component id="oc-2fb">
         <name>.text:my_printfi</name>
         <load_address>0x8246</load_address>
         <run_address>0x8246</run_address>
         <size>0x244</size>
         <input_file_ref idref="fl-7"/>
      </object_component>
      <object_component id="oc-126">
         <name>.text:MOVE_SNAKE_event</name>
         <load_address>0x848a</load_address>
         <run_address>0x848a</run_address>
         <size>0x1fa</size>
         <input_file_ref idref="fl-5"/>
      </object_component>
      <object_component id="oc-222">
         <name>.text:add_head</name>
         <load_address>0x8684</load_address>
         <run_address>0x8684</run_address>
         <size>0x18e</size>
         <input_file_ref idref="fl-2"/>
      </object_component>
      <object_component id="oc-dc">
         <name>.text:lcd_init</name>
         <load_address>0x8812</load_address>
         <run_address>0x8812</run_address>
         <size>0x186</size>
         <input_file_ref idref="fl-7"/>
      </object_component>
      <object_component id="oc-a6">
         <name>.text:ERROR2</name>
         <load_address>0x8998</load_address>
         <run_address>0x8998</run_address>
         <size>0x178</size>
         <input_file_ref idref="fl-8"/>
      </object_component>
      <object_component id="oc-108">
         <name>.text:LCD_UPDATE_event</name>
         <load_address>0x8b10</load_address>
         <run_address>0x8b10</run_address>
         <size>0x168</size>
         <input_file_ref idref="fl-5"/>
      </object_component>
      <object_component id="oc-2b9">
         <name>.text:lcd_circle</name>
         <load_address>0x8c78</load_address>
         <run_address>0x8c78</run_address>
         <size>0x15a</size>
         <input_file_ref idref="fl-7"/>
      </object_component>
      <object_component id="oc-102">
         <name>.text:NEXT_LEVEL_event</name>
         <load_address>0x8dd2</load_address>
         <run_address>0x8dd2</run_address>
         <size>0x13a</size>
         <input_file_ref idref="fl-5"/>
      </object_component>
      <object_component id="oc-2f6">
         <name>.text:lcd_putchar</name>
         <load_address>0x8f0c</load_address>
         <run_address>0x8f0c</run_address>
         <size>0x132</size>
         <input_file_ref idref="fl-7"/>
      </object_component>
      <object_component id="oc-6f">
         <name>.text:main</name>
         <load_address>0x903e</load_address>
         <run_address>0x903e</run_address>
         <size>0x122</size>
         <input_file_ref idref="fl-6"/>
      </object_component>
      <object_component id="oc-29e">
         <name>.text:createFoods</name>
         <load_address>0x9160</load_address>
         <run_address>0x9160</run_address>
         <size>0x10a</size>
         <input_file_ref idref="fl-5"/>
      </object_component>
      <object_component id="oc-3b6">
         <name>.text:checkRock</name>
         <load_address>0x926a</load_address>
         <run_address>0x926a</run_address>
         <size>0x104</size>
         <input_file_ref idref="fl-5"/>
      </object_component>
      <object_component id="oc-fc">
         <name>.text:END_GAME_event</name>
         <load_address>0x936e</load_address>
         <run_address>0x936e</run_address>
         <size>0xf6</size>
         <input_file_ref idref="fl-5"/>
      </object_component>
      <object_component id="oc-1bb">
         <name>.text:lcd_wordImage</name>
         <load_address>0x9464</load_address>
         <run_address>0x9464</run_address>
         <size>0xd4</size>
         <input_file_ref idref="fl-7"/>
      </object_component>
      <object_component id="oc-d7">
         <name>.text:RBX430_init</name>
         <load_address>0x9538</load_address>
         <run_address>0x9538</run_address>
         <size>0xc0</size>
         <input_file_ref idref="fl-8"/>
      </object_component>
      <object_component id="oc-60">
         <name>.text:WDT_ISR</name>
         <load_address>0x95f8</load_address>
         <run_address>0x95f8</run_address>
         <size>0xc0</size>
         <input_file_ref idref="fl-3"/>
      </object_component>
      <object_component id="oc-134">
         <name>.text:NEW_GAME_event</name>
         <load_address>0x96b8</load_address>
         <run_address>0x96b8</run_address>
         <size>0xae</size>
         <input_file_ref idref="fl-5"/>
      </object_component>
      <object_component id="oc-2b4">
         <name>.text:lcd_star</name>
         <load_address>0x9766</load_address>
         <run_address>0x9766</run_address>
         <size>0xa8</size>
         <input_file_ref idref="fl-7"/>
      </object_component>
      <object_component id="oc-37f">
         <name>.text:malloc</name>
         <load_address>0x980e</load_address>
         <run_address>0x980e</run_address>
         <size>0xa8</size>
         <input_file_ref idref="fl-36"/>
      </object_component>
      <object_component id="oc-2af">
         <name>.text:lcd_diamond</name>
         <load_address>0x98b6</load_address>
         <run_address>0x98b6</run_address>
         <size>0x94</size>
         <input_file_ref idref="fl-7"/>
      </object_component>
      <object_component id="oc-3cd">
         <name>.text:lcd_rectangle</name>
         <load_address>0x994a</load_address>
         <run_address>0x994a</run_address>
         <size>0x88</size>
         <input_file_ref idref="fl-7"/>
      </object_component>
      <object_component id="oc-24f">
         <name>.text:checkFood</name>
         <load_address>0x99d2</load_address>
         <run_address>0x99d2</run_address>
         <size>0x86</size>
         <input_file_ref idref="fl-5"/>
      </object_component>
      <object_component id="oc-19e">
         <name>.text:free</name>
         <load_address>0x9a58</load_address>
         <run_address>0x9a58</run_address>
         <size>0x80</size>
         <input_file_ref idref="fl-36"/>
      </object_component>
      <object_component id="oc-12c">
         <name>.text:START_LEVEL_event</name>
         <load_address>0x9ad8</load_address>
         <run_address>0x9ad8</run_address>
         <size>0x7e</size>
         <input_file_ref idref="fl-5"/>
      </object_component>
      <object_component id="oc-2c3">
         <name>.text:lcd_triangle</name>
         <load_address>0x9b56</load_address>
         <run_address>0x9b56</run_address>
         <size>0x7e</size>
         <input_file_ref idref="fl-7"/>
      </object_component>
      <object_component id="oc-2a3">
         <name>.text:createRocks</name>
         <load_address>0x9bd4</load_address>
         <run_address>0x9bd4</run_address>
         <size>0x7a</size>
         <input_file_ref idref="fl-5"/>
      </object_component>
      <object_component id="oc-8d">
         <name>.text:__TI_decompress_rle_core</name>
         <load_address>0x9c4e</load_address>
         <run_address>0x9c4e</run_address>
         <size>0x5e</size>
         <input_file_ref idref="fl-24"/>
      </object_component>
      <object_component id="oc-6a">
         <name>.text:_auto_init</name>
         <load_address>0x9cac</load_address>
         <run_address>0x9cac</run_address>
         <size>0x5e</size>
         <input_file_ref idref="fl-3d"/>
      </object_component>
      <object_component id="oc-3f4">
         <name>.text:lcd_WD</name>
         <load_address>0x9d0a</load_address>
         <run_address>0x9d0a</run_address>
         <size>0x5e</size>
         <input_file_ref idref="fl-7"/>
      </object_component>
      <object_component id="oc-279">
         <name>.text:checkScore</name>
         <load_address>0x9d68</load_address>
         <run_address>0x9d68</run_address>
         <size>0x5c</size>
         <input_file_ref idref="fl-5"/>
      </object_component>
      <object_component id="oc-120">
         <name>.text:SWITCH_1_event</name>
         <load_address>0x9dc4</load_address>
         <run_address>0x9dc4</run_address>
         <size>0x52</size>
         <input_file_ref idref="fl-5"/>
      </object_component>
      <object_component id="oc-27f">
         <name>.text:delete_tail</name>
         <load_address>0x9e16</load_address>
         <run_address>0x9e16</run_address>
         <size>0x4a</size>
         <input_file_ref idref="fl-2"/>
      </object_component>
      <object_component id="oc-3fa">
         <name>.text:lcd_WD2</name>
         <load_address>0x9e60</load_address>
         <run_address>0x9e60</run_address>
         <size>0x4a</size>
         <input_file_ref idref="fl-7"/>
      </object_component>
      <object_component id="oc-17b">
         <name>.text:DelayMs</name>
         <load_address>0x9eaa</load_address>
         <run_address>0x9eaa</run_address>
         <size>0x46</size>
         <input_file_ref idref="fl-7"/>
      </object_component>
      <object_component id="oc-2ef">
         <name>.text:outTone</name>
         <load_address>0x9ef0</load_address>
         <run_address>0x9ef0</run_address>
         <size>0x40</size>
         <input_file_ref idref="fl-2"/>
      </object_component>
      <object_component id="oc-284">
         <name>.text:checkSnake</name>
         <load_address>0x9f30</load_address>
         <run_address>0x9f30</run_address>
         <size>0x3e</size>
         <input_file_ref idref="fl-5"/>
      </object_component>
      <object_component id="oc-3c2">
         <name>.text:draw_rock</name>
         <load_address>0x9f6e</load_address>
         <run_address>0x9f6e</run_address>
         <size>0x3e</size>
         <input_file_ref idref="fl-5"/>
      </object_component>
      <object_component id="oc-1e4">
         <name>.text:new_snake</name>
         <load_address>0x9fac</load_address>
         <run_address>0x9fac</run_address>
         <size>0x3e</size>
         <input_file_ref idref="fl-2"/>
      </object_component>
      <object_component id="oc-362">
         <name>.text:ReadDataWord</name>
         <load_address>0x9fea</load_address>
         <run_address>0x9fea</run_address>
         <size>0x38</size>
         <input_file_ref idref="fl-7"/>
      </object_component>
      <object_component id="oc-11a">
         <name>.text:SWITCH_2_event</name>
         <load_address>0xa022</load_address>
         <run_address>0xa022</run_address>
         <size>0x38</size>
         <input_file_ref idref="fl-5"/>
      </object_component>
      <object_component id="oc-42c">
         <name>.text:minit</name>
         <load_address>0xa05a</load_address>
         <run_address>0xa05a</run_address>
         <size>0x38</size>
         <input_file_ref idref="fl-36"/>
      </object_component>
      <object_component id="oc-246">
         <name>.text:rand</name>
         <load_address>0xa092</load_address>
         <run_address>0xa092</run_address>
         <size>0x38</size>
         <input_file_ref idref="fl-39"/>
      </object_component>
      <object_component id="oc-310">
         <name>.text:WriteDataWord</name>
         <load_address>0xa0ca</load_address>
         <run_address>0xa0ca</run_address>
         <size>0x34</size>
         <input_file_ref idref="fl-7"/>
      </object_component>
      <object_component id="oc-30b">
         <name>.text:lcd_set_x_y</name>
         <load_address>0xa0fe</load_address>
         <run_address>0xa0fe</run_address>
         <size>0x34</size>
         <input_file_ref idref="fl-7"/>
      </object_component>
      <object_component id="oc-25c">
         <name>.text:draw_circle_food</name>
         <load_address>0xa132</load_address>
         <run_address>0xa132</run_address>
         <size>0x32</size>
         <input_file_ref idref="fl-5"/>
      </object_component>
      <object_component id="oc-268">
         <name>.text:draw_diamond_food</name>
         <load_address>0xa164</load_address>
         <run_address>0xa164</run_address>
         <size>0x32</size>
         <input_file_ref idref="fl-5"/>
      </object_component>
      <object_component id="oc-274">
         <name>.text:draw_square_food</name>
         <load_address>0xa196</load_address>
         <run_address>0xa196</run_address>
         <size>0x32</size>
         <input_file_ref idref="fl-5"/>
      </object_component>
      <object_component id="oc-262">
         <name>.text:draw_star_food</name>
         <load_address>0xa1c8</load_address>
         <run_address>0xa1c8</run_address>
         <size>0x32</size>
         <input_file_ref idref="fl-5"/>
      </object_component>
      <object_component id="oc-26e">
         <name>.text:draw_triangle_food</name>
         <load_address>0xa1fa</load_address>
         <run_address>0xa1fa</run_address>
         <size>0x32</size>
         <input_file_ref idref="fl-5"/>
      </object_component>
      <object_component id="oc-318">
         <name>.text:doDitty</name>
         <load_address>0xa22c</load_address>
         <run_address>0xa22c</run_address>
         <size>0x30</size>
         <input_file_ref idref="fl-2"/>
      </object_component>
      <object_component id="oc-1a7">
         <name>.text:lcd_cursor</name>
         <load_address>0xa25c</load_address>
         <run_address>0xa25c</run_address>
         <size>0x30</size>
         <input_file_ref idref="fl-7"/>
      </object_component>
      <object_component id="oc-114">
         <name>.text:SWITCH_3_event</name>
         <load_address>0xa28c</load_address>
         <run_address>0xa28c</run_address>
         <size>0x2e</size>
         <input_file_ref idref="fl-5"/>
      </object_component>
      <object_component id="oc-2e1">
         <name>.text:lcd_set</name>
         <load_address>0xa2ba</load_address>
         <run_address>0xa2ba</run_address>
         <size>0x2e</size>
         <input_file_ref idref="fl-7"/>
      </object_component>
      <object_component id="oc-255">
         <name>.text:newFood</name>
         <load_address>0xa2e8</load_address>
         <run_address>0xa2e8</run_address>
         <size>0x2e</size>
         <input_file_ref idref="fl-5"/>
      </object_component>
      <object_component id="oc-e1">
         <name>.text:port1_init</name>
         <load_address>0xa316</load_address>
         <run_address>0xa316</run_address>
         <size>0x2e</size>
         <input_file_ref idref="fl-3"/>
      </object_component>
      <object_component id="oc-56">
         <name>.text:ISR_trap</name>
         <load_address>0xa344</load_address>
         <run_address>0xa344</run_address>
         <size>0x2c</size>
         <input_file_ref idref="fl-8"/>
      </object_component>
      <object_component id="oc-10e">
         <name>.text:SWITCH_4_event</name>
         <load_address>0xa370</load_address>
         <run_address>0xa370</run_address>
         <size>0x2c</size>
         <input_file_ref idref="fl-5"/>
      </object_component>
      <object_component id="oc-24b">
         <name>.text</name>
         <load_address>0xa39c</load_address>
         <run_address>0xa39c</run_address>
         <size>0x2c</size>
         <input_file_ref idref="fl-26"/>
      </object_component>
      <object_component id="oc-3bb">
         <name>.text:newRock</name>
         <load_address>0xa3c8</load_address>
         <run_address>0xa3c8</run_address>
         <size>0x2a</size>
         <input_file_ref idref="fl-5"/>
      </object_component>
      <object_component id="oc-374">
         <name>.text</name>
         <load_address>0xa3f2</load_address>
         <run_address>0xa3f2</run_address>
         <size>0x26</size>
         <input_file_ref idref="fl-3e"/>
      </object_component>
      <object_component id="oc-1b3">
         <name>.text:lcd_printf</name>
         <load_address>0xa418</load_address>
         <run_address>0xa418</run_address>
         <size>0x24</size>
         <input_file_ref idref="fl-7"/>
      </object_component>
      <object_component id="oc-eb">
         <name>.text:watchdog_init</name>
         <load_address>0xa43c</load_address>
         <run_address>0xa43c</run_address>
         <size>0x24</size>
         <input_file_ref idref="fl-3"/>
      </object_component>
      <object_component id="oc-35d">
         <name>.text:ReadData</name>
         <load_address>0xa460</load_address>
         <run_address>0xa460</run_address>
         <size>0x20</size>
         <input_file_ref idref="fl-7"/>
      </object_component>
      <object_component id="oc-2be">
         <name>.text:lcd_square</name>
         <load_address>0xa480</load_address>
         <run_address>0xa480</run_address>
         <size>0x20</size>
         <input_file_ref idref="fl-7"/>
      </object_component>
      <object_component id="oc-180">
         <name>.text:WriteCmd</name>
         <load_address>0xa4a0</load_address>
         <run_address>0xa4a0</run_address>
         <size>0x1e</size>
         <input_file_ref idref="fl-7"/>
      </object_component>
      <object_component id="oc-185">
         <name>.text:WriteData</name>
         <load_address>0xa4be</load_address>
         <run_address>0xa4be</run_address>
         <size>0x1e</size>
         <input_file_ref idref="fl-7"/>
      </object_component>
      <object_component id="oc-38">
         <name>.text:_c_int00_noexit</name>
         <load_address>0xa4dc</load_address>
         <run_address>0xa4dc</run_address>
         <size>0x1a</size>
         <input_file_ref idref="fl-22"/>
      </object_component>
      <object_component id="oc-e6">
         <name>.text:timerB_init</name>
         <load_address>0xa4f6</load_address>
         <run_address>0xa4f6</run_address>
         <size>0x1a</size>
         <input_file_ref idref="fl-2"/>
      </object_component>
      <object_component id="oc-51">
         <name>.text:Port_1_ISR</name>
         <load_address>0xa510</load_address>
         <run_address>0xa510</run_address>
         <size>0x16</size>
         <input_file_ref idref="fl-3"/>
      </object_component>
      <object_component id="oc-1f0">
         <name>.text</name>
         <load_address>0xa526</load_address>
         <run_address>0xa526</run_address>
         <size>0x16</size>
         <input_file_ref idref="fl-27"/>
      </object_component>
      <object_component id="oc-23b">
         <name>.text:beep</name>
         <load_address>0xa53c</load_address>
         <run_address>0xa53c</run_address>
         <size>0x14</size>
         <input_file_ref idref="fl-2"/>
      </object_component>
      <object_component id="oc-42">
         <name>.text:decompress:ZI:__TI_zero_init</name>
         <load_address>0xa550</load_address>
         <run_address>0xa550</run_address>
         <size>0x14</size>
         <input_file_ref idref="fl-25"/>
      </object_component>
      <object_component id="oc-b9">
         <name>.text:lcd_backlight</name>
         <load_address>0xa564</load_address>
         <run_address>0xa564</run_address>
         <size>0x14</size>
         <input_file_ref idref="fl-7"/>
      </object_component>
      <object_component id="oc-229">
         <name>.text</name>
         <load_address>0xa578</load_address>
         <run_address>0xa578</run_address>
         <size>0x14</size>
         <input_file_ref idref="fl-37"/>
      </object_component>
      <object_component id="oc-3d">
         <name>.text:decompress:none:__TI_decompress_none</name>
         <load_address>0xa58c</load_address>
         <run_address>0xa58c</run_address>
         <size>0x12</size>
         <input_file_ref idref="fl-23"/>
      </object_component>
      <object_component id="oc-40c">
         <name>.text:l_lsr</name>
         <load_address>0xa59e</load_address>
         <run_address>0xa59e</run_address>
         <size>0x12</size>
         <input_file_ref idref="fl-34"/>
      </object_component>
      <object_component id="oc-7a">
         <name>.text:memcpy</name>
         <load_address>0xa5b0</load_address>
         <run_address>0xa5b0</run_address>
         <size>0x12</size>
         <input_file_ref idref="fl-35"/>
      </object_component>
      <object_component id="oc-d1">
         <name>.text</name>
         <load_address>0xa5c2</load_address>
         <run_address>0xa5c2</run_address>
         <size>0x10</size>
         <input_file_ref idref="fl-28"/>
      </object_component>
      <object_component id="oc-393">
         <name>.text:charge</name>
         <load_address>0xa5d2</load_address>
         <run_address>0xa5d2</run_address>
         <size>0xe</size>
         <input_file_ref idref="fl-2"/>
      </object_component>
      <object_component id="oc-1c0">
         <name>.text:imperial_march</name>
         <load_address>0xa5e0</load_address>
         <run_address>0xa5e0</run_address>
         <size>0xe</size>
         <input_file_ref idref="fl-2"/>
      </object_component>
      <object_component id="oc-412">
         <name>.text:strlen</name>
         <load_address>0xa5ee</load_address>
         <run_address>0xa5ee</run_address>
         <size>0xe</size>
         <input_file_ref idref="fl-3a"/>
      </object_component>
      <object_component id="oc-1ad">
         <name>.text:rasberry</name>
         <load_address>0xa5fc</load_address>
         <run_address>0xa5fc</run_address>
         <size>0xc</size>
         <input_file_ref idref="fl-2"/>
      </object_component>
      <object_component id="oc-197">
         <name>.text:lcd_clear</name>
         <load_address>0xa608</load_address>
         <run_address>0xa608</run_address>
         <size>0xa</size>
         <input_file_ref idref="fl-7"/>
      </object_component>
      <object_component id="oc-5b">
         <name>.text:ADC10_ISR</name>
         <load_address>0xa612</load_address>
         <run_address>0xa612</run_address>
         <size>0x8</size>
         <input_file_ref idref="fl-8"/>
      </object_component>
      <object_component id="oc-240">
         <name>.text:blink</name>
         <load_address>0xa61a</load_address>
         <run_address>0xa61a</run_address>
         <size>0x8</size>
         <input_file_ref idref="fl-2"/>
      </object_component>
      <object_component id="oc-47">
         <name>.text:decompress:rle24:__TI_decompress_rle24</name>
         <load_address>0xa622</load_address>
         <run_address>0xa622</run_address>
         <size>0x6</size>
         <input_file_ref idref="fl-24"/>
      </object_component>
      <object_component id="oc-65">
         <name>.text:_system_pre_init</name>
         <load_address>0xa628</load_address>
         <run_address>0xa628</run_address>
         <size>0x4</size>
         <input_file_ref idref="fl-38"/>
      </object_component>
      <object_component id="oc-74">
         <name>.text:abort</name>
         <load_address>0xa62c</load_address>
         <run_address>0xa62c</run_address>
         <size>0x4</size>
         <input_file_ref idref="fl-29"/>
      </object_component>
      <object_component id="oc-3df">
         <name>.text:_nop</name>
         <load_address>0xa630</load_address>
         <run_address>0xa630</run_address>
         <size>0x2</size>
         <input_file_ref idref="fl-3b"/>
      </object_component>
      <object_component id="oc-4a4">
         <name>.cinit..data.load</name>
         <load_address>0xb5e6</load_address>
         <run_address>0xb5e6</run_address>
         <size>0xe</size>
      </object_component>
      <object_component id="oc-4a1">
         <name>__TI_handler_table</name>
         <load_address>0xb5f4</load_address>
         <run_address>0xb5f4</run_address>
         <size>0x6</size>
      </object_component>
      <object_component id="oc-4a3">
         <name>.cinit..bss.load</name>
         <load_address>0xb5fa</load_address>
         <run_address>0xb5fa</run_address>
         <size>0x4</size>
      </object_component>
      <object_component id="oc-4a2">
         <name>__TI_cinit_table</name>
         <load_address>0xb5fe</load_address>
         <run_address>0xb5fe</run_address>
         <size>0x8</size>
      </object_component>
      <object_component id="oc-2ad">
         <name>.const:snake1_image</name>
         <load_address>0xa632</load_address>
         <run_address>0xa632</run_address>
         <size>0x682</size>
         <input_file_ref idref="fl-4"/>
      </object_component>
      <object_component id="oc-1b9">
         <name>.const:snake_text_image</name>
         <load_address>0xacb4</load_address>
         <run_address>0xacb4</run_address>
         <size>0x49e</size>
         <input_file_ref idref="fl-4"/>
      </object_component>
      <object_component id="oc-3f2">
         <name>.const:cs</name>
         <load_address>0xb152</load_address>
         <run_address>0xb152</run_address>
         <size>0x1e0</size>
         <input_file_ref idref="fl-7"/>
      </object_component>
      <object_component id="oc-316">
         <name>.const:imperial_march_notes</name>
         <load_address>0xb332</load_address>
         <run_address>0xb332</run_address>
         <size>0x118</size>
         <input_file_ref idref="fl-2"/>
      </object_component>
      <object_component id="oc-367">
         <name>.const:.string:dv3</name>
         <load_address>0xb44a</load_address>
         <run_address>0xb44a</run_address>
         <size>0xa2</size>
         <input_file_ref idref="fl-7"/>
      </object_component>
      <object_component id="oc-1b2">
         <name>.const:.string</name>
         <load_address>0xb4ec</load_address>
         <run_address>0xb4ec</run_address>
         <size>0x86</size>
         <input_file_ref idref="fl-5"/>
      </object_component>
      <object_component id="oc-40b">
         <name>.const:dv$3</name>
         <load_address>0xb572</load_address>
         <run_address>0xb572</run_address>
         <size>0x2c</size>
         <input_file_ref idref="fl-7"/>
      </object_component>
      <object_component id="oc-435">
         <name>.const:Charge</name>
         <load_address>0xb59e</load_address>
         <run_address>0xb59e</run_address>
         <size>0x18</size>
         <input_file_ref idref="fl-2"/>
      </object_component>
      <object_component id="oc-410">
         <name>.const:.string:lHexChar$1</name>
         <load_address>0xb5b6</load_address>
         <run_address>0xb5b6</run_address>
         <size>0x11</size>
         <input_file_ref idref="fl-7"/>
      </object_component>
      <object_component id="oc-411">
         <name>.const:.string:uHexChar$2</name>
         <load_address>0xb5c8</load_address>
         <run_address>0xb5c8</run_address>
         <size>0x11</size>
         <input_file_ref idref="fl-7"/>
      </object_component>
      <object_component id="oc-369">
         <name>.const:px_off</name>
         <load_address>0xb5da</load_address>
         <run_address>0xb5da</run_address>
         <size>0x6</size>
         <input_file_ref idref="fl-7"/>
      </object_component>
      <object_component id="oc-36b">
         <name>.const:px_on</name>
         <load_address>0xb5e0</load_address>
         <run_address>0xb5e0</run_address>
         <size>0x6</size>
         <input_file_ref idref="fl-7"/>
      </object_component>
      <object_component id="oc-2d">
         <name>.int02</name>
         <load_address>0xffe4</load_address>
         <run_address>0xffe4</run_address>
         <size>0x2</size>
         <input_file_ref idref="fl-3"/>
      </object_component>
      <object_component id="oc-2e">
         <name>.int03</name>
         <load_address>0xffe6</load_address>
         <run_address>0xffe6</run_address>
         <size>0x2</size>
         <input_file_ref idref="fl-2a"/>
      </object_component>
      <object_component id="oc-2f">
         <name>.int05</name>
         <load_address>0xffea</load_address>
         <run_address>0xffea</run_address>
         <size>0x2</size>
         <input_file_ref idref="fl-8"/>
      </object_component>
      <object_component id="oc-30">
         <name>.int06</name>
         <load_address>0xffec</load_address>
         <run_address>0xffec</run_address>
         <size>0x2</size>
         <input_file_ref idref="fl-2b"/>
      </object_component>
      <object_component id="oc-31">
         <name>.int07</name>
         <load_address>0xffee</load_address>
         <run_address>0xffee</run_address>
         <size>0x2</size>
         <input_file_ref idref="fl-2c"/>
      </object_component>
      <object_component id="oc-32">
         <name>.int08</name>
         <load_address>0xfff0</load_address>
         <run_address>0xfff0</run_address>
         <size>0x2</size>
         <input_file_ref idref="fl-2d"/>
      </object_component>
      <object_component id="oc-33">
         <name>.int09</name>
         <load_address>0xfff2</load_address>
         <run_address>0xfff2</run_address>
         <size>0x2</size>
         <input_file_ref idref="fl-2e"/>
      </object_component>
      <object_component id="oc-34">
         <name>.int10</name>
         <load_address>0xfff4</load_address>
         <run_address>0xfff4</run_address>
         <size>0x2</size>
         <input_file_ref idref="fl-3"/>
      </object_component>
      <object_component id="oc-35">
         <name>.int12</name>
         <load_address>0xfff8</load_address>
         <run_address>0xfff8</run_address>
         <size>0x2</size>
         <input_file_ref idref="fl-2f"/>
      </object_component>
      <object_component id="oc-36">
         <name>.int13</name>
         <load_address>0xfffa</load_address>
         <run_address>0xfffa</run_address>
         <size>0x2</size>
         <input_file_ref idref="fl-30"/>
      </object_component>
      <object_component id="oc-37">
         <name>.int14</name>
         <load_address>0xfffc</load_address>
         <run_address>0xfffc</run_address>
         <size>0x2</size>
         <input_file_ref idref="fl-31"/>
      </object_component>
      <object_component id="oc-4e">
         <name>.reset</name>
         <load_address>0xfffe</load_address>
         <run_address>0xfffe</run_address>
         <size>0x2</size>
         <input_file_ref idref="fl-22"/>
      </object_component>
      <object_component id="oc-191">
         <name>.common:WDT_cps_cnt</name>
         <uninitialized>true</uninitialized>
         <run_address>0x320</run_address>
         <size>0x2</size>
      </object_component>
      <object_component id="oc-192">
         <name>.common:WDT_move_cnt</name>
         <uninitialized>true</uninitialized>
         <run_address>0x324</run_address>
         <size>0x2</size>
      </object_component>
      <object_component id="oc-193">
         <name>.common:WDT_debounce_cnt</name>
         <uninitialized>true</uninitialized>
         <run_address>0x322</run_address>
         <size>0x2</size>
      </object_component>
      <object_component id="oc-370">
         <name>.common:backlight_cnt</name>
         <uninitialized>true</uninitialized>
         <run_address>0x326</run_address>
         <size>0x2</size>
      </object_component>
      <object_component id="oc-3ee">
         <name>.common:WDT_delay</name>
         <uninitialized>true</uninitialized>
         <run_address>0x31a</run_address>
         <size>0x4</size>
      </object_component>
      <object_component id="oc-3ea">
         <name>.common:TB0_tone_on</name>
         <uninitialized>true</uninitialized>
         <run_address>0x31e</run_address>
         <size>0x2</size>
      </object_component>
      <object_component id="oc-2ac">
         <name>.common:game_mode</name>
         <uninitialized>true</uninitialized>
         <run_address>0x328</run_address>
         <size>0x2</size>
      </object_component>
      <object_component id="oc-391">
         <name>.common:score</name>
         <uninitialized>true</uninitialized>
         <run_address>0x330</run_address>
         <size>0x2</size>
      </object_component>
      <object_component id="oc-29b">
         <name>.common:seconds</name>
         <uninitialized>true</uninitialized>
         <run_address>0x332</run_address>
         <size>0x2</size>
      </object_component>
      <object_component id="oc-2ca">
         <name>.common:move_cnt</name>
         <uninitialized>true</uninitialized>
         <run_address>0x32e</run_address>
         <size>0x2</size>
      </object_component>
      <object_component id="oc-3ac">
         <name>.common:level</name>
         <uninitialized>true</uninitialized>
         <run_address>0x342</run_address>
         <size>0x1</size>
      </object_component>
      <object_component id="oc-33a">
         <name>.common:direction</name>
         <uninitialized>true</uninitialized>
         <run_address>0x33d</run_address>
         <size>0x1</size>
      </object_component>
      <object_component id="oc-3a6">
         <name>.common:head</name>
         <uninitialized>true</uninitialized>
         <run_address>0x33e</run_address>
         <size>0x1</size>
      </object_component>
      <object_component id="oc-3a1">
         <name>.common:tail</name>
         <uninitialized>true</uninitialized>
         <run_address>0x343</run_address>
         <size>0x1</size>
      </object_component>
      <object_component id="oc-1fb">
         <name>.common:time_left</name>
         <uninitialized>true</uninitialized>
         <run_address>0x33a</run_address>
         <size>0x2</size>
      </object_component>
      <object_component id="oc-441">
         <name>.common:snake</name>
         <uninitialized>true</uninitialized>
         <run_address>0x200</run_address>
         <size>0x100</size>
      </object_component>
      <object_component id="oc-43f">
         <name>.common:food</name>
         <uninitialized>true</uninitialized>
         <run_address>0x300</run_address>
         <size>0x14</size>
      </object_component>
      <object_component id="oc-43b">
         <name>.common:rocks</name>
         <uninitialized>true</uninitialized>
         <run_address>0x314</run_address>
         <size>0x6</size>
      </object_component>
      <object_component id="oc-356">
         <name>.common:sys_event</name>
         <uninitialized>true</uninitialized>
         <run_address>0x336</run_address>
         <size>0x2</size>
      </object_component>
      <object_component id="oc-44d">
         <name>.common:lcd_dmode</name>
         <uninitialized>true</uninitialized>
         <run_address>0x33f</run_address>
         <size>0x1</size>
      </object_component>
      <object_component id="oc-45b">
         <name>.common:lcd_y</name>
         <uninitialized>true</uninitialized>
         <run_address>0x341</run_address>
         <size>0x1</size>
      </object_component>
      <object_component id="oc-45a">
         <name>.common:lcd_x</name>
         <uninitialized>true</uninitialized>
         <run_address>0x340</run_address>
         <size>0x1</size>
      </object_component>
      <object_component id="oc-40a">
         <name>.common:char_cnt</name>
         <uninitialized>true</uninitialized>
         <run_address>0x33c</run_address>
         <size>0x1</size>
      </object_component>
      <object_component id="oc-179">
         <name>.common:i2c_fSCL</name>
         <uninitialized>true</uninitialized>
         <run_address>0x32a</run_address>
         <size>0x2</size>
      </object_component>
      <object_component id="oc-463">
         <name>.common:sys_free</name>
         <uninitialized>true</uninitialized>
         <run_address>0x338</run_address>
         <size>0x2</size>
      </object_component>
      <object_component id="oc-466">
         <name>.common:sys_base</name>
         <uninitialized>true</uninitialized>
         <run_address>0x334</run_address>
         <size>0x2</size>
      </object_component>
      <object_component id="oc-465">
         <name>.common:memsize</name>
         <uninitialized>true</uninitialized>
         <run_address>0x32c</run_address>
         <size>0x2</size>
      </object_component>
      <object_component id="oc-2e7">
         <name>.data</name>
         <load_address>0x44e</load_address>
         <run_address>0x44e</run_address>
         <size>0x4</size>
         <input_file_ref idref="fl-3b"/>
      </object_component>
      <object_component id="oc-372">
         <name>.data</name>
         <load_address>0x452</load_address>
         <run_address>0x452</run_address>
         <size>0x4</size>
         <input_file_ref idref="fl-39"/>
      </object_component>
      <object_component id="oc-42a">
         <name>.data</name>
         <load_address>0x456</load_address>
         <run_address>0x456</run_address>
         <size>0x2</size>
         <input_file_ref idref="fl-36"/>
      </object_component>
      <object_component id="oc-39">
         <name>.debug_aranges</name>
         <load_address>0x0</load_address>
         <run_address>0x0</run_address>
         <size>0x20</size>
         <input_file_ref idref="fl-22"/>
      </object_component>
      <object_component id="oc-3f">
         <name>.debug_aranges</name>
         <load_address>0x20</load_address>
         <run_address>0x20</run_address>
         <size>0x20</size>
         <input_file_ref idref="fl-23"/>
      </object_component>
      <object_component id="oc-46">
         <name>.debug_aranges</name>
         <load_address>0x40</load_address>
         <run_address>0x40</run_address>
         <size>0x20</size>
         <input_file_ref idref="fl-25"/>
      </object_component>
      <object_component id="oc-4b">
         <name>.debug_aranges</name>
         <load_address>0x60</load_address>
         <run_address>0x60</run_address>
         <size>0x20</size>
         <input_file_ref idref="fl-24"/>
      </object_component>
      <object_component id="oc-55">
         <name>.debug_aranges</name>
         <load_address>0x80</load_address>
         <run_address>0x80</run_address>
         <size>0x20</size>
         <input_file_ref idref="fl-3"/>
      </object_component>
      <object_component id="oc-5a">
         <name>.debug_aranges</name>
         <load_address>0xa0</load_address>
         <run_address>0xa0</run_address>
         <size>0x20</size>
         <input_file_ref idref="fl-8"/>
      </object_component>
      <object_component id="oc-5f">
         <name>.debug_aranges</name>
         <load_address>0xc0</load_address>
         <run_address>0xc0</run_address>
         <size>0x20</size>
         <input_file_ref idref="fl-8"/>
      </object_component>
      <object_component id="oc-64">
         <name>.debug_aranges</name>
         <load_address>0xe0</load_address>
         <run_address>0xe0</run_address>
         <size>0x20</size>
         <input_file_ref idref="fl-3"/>
      </object_component>
      <object_component id="oc-69">
         <name>.debug_aranges</name>
         <load_address>0x100</load_address>
         <run_address>0x100</run_address>
         <size>0x20</size>
         <input_file_ref idref="fl-38"/>
      </object_component>
      <object_component id="oc-6e">
         <name>.debug_aranges</name>
         <load_address>0x120</load_address>
         <run_address>0x120</run_address>
         <size>0x20</size>
         <input_file_ref idref="fl-3d"/>
      </object_component>
      <object_component id="oc-73">
         <name>.debug_aranges</name>
         <load_address>0x140</load_address>
         <run_address>0x140</run_address>
         <size>0x20</size>
         <input_file_ref idref="fl-6"/>
      </object_component>
      <object_component id="oc-78">
         <name>.debug_aranges</name>
         <load_address>0x160</load_address>
         <run_address>0x160</run_address>
         <size>0x20</size>
         <input_file_ref idref="fl-29"/>
      </object_component>
      <object_component id="oc-7e">
         <name>.debug_aranges</name>
         <load_address>0x180</load_address>
         <run_address>0x180</run_address>
         <size>0x20</size>
         <input_file_ref idref="fl-35"/>
      </object_component>
      <object_component id="oc-91">
         <name>.debug_aranges</name>
         <load_address>0x1a0</load_address>
         <run_address>0x1a0</run_address>
         <size>0x20</size>
         <input_file_ref idref="fl-24"/>
      </object_component>
      <object_component id="oc-aa">
         <name>.debug_aranges</name>
         <load_address>0x1c0</load_address>
         <run_address>0x1c0</run_address>
         <size>0x20</size>
         <input_file_ref idref="fl-8"/>
      </object_component>
      <object_component id="oc-bd">
         <name>.debug_aranges</name>
         <load_address>0x1e0</load_address>
         <run_address>0x1e0</run_address>
         <size>0x20</size>
         <input_file_ref idref="fl-7"/>
      </object_component>
      <object_component id="oc-d4">
         <name>.debug_aranges</name>
         <load_address>0x200</load_address>
         <run_address>0x200</run_address>
         <size>0x20</size>
         <input_file_ref idref="fl-28"/>
      </object_component>
      <object_component id="oc-db">
         <name>.debug_aranges</name>
         <load_address>0x220</load_address>
         <run_address>0x220</run_address>
         <size>0x20</size>
         <input_file_ref idref="fl-8"/>
      </object_component>
      <object_component id="oc-e0">
         <name>.debug_aranges</name>
         <load_address>0x240</load_address>
         <run_address>0x240</run_address>
         <size>0x20</size>
         <input_file_ref idref="fl-7"/>
      </object_component>
      <object_component id="oc-e5">
         <name>.debug_aranges</name>
         <load_address>0x260</load_address>
         <run_address>0x260</run_address>
         <size>0x20</size>
         <input_file_ref idref="fl-3"/>
      </object_component>
      <object_component id="oc-ea">
         <name>.debug_aranges</name>
         <load_address>0x280</load_address>
         <run_address>0x280</run_address>
         <size>0x20</size>
         <input_file_ref idref="fl-2"/>
      </object_component>
      <object_component id="oc-ef">
         <name>.debug_aranges</name>
         <load_address>0x2a0</load_address>
         <run_address>0x2a0</run_address>
         <size>0x20</size>
         <input_file_ref idref="fl-3"/>
      </object_component>
      <object_component id="oc-100">
         <name>.debug_aranges</name>
         <load_address>0x2c0</load_address>
         <run_address>0x2c0</run_address>
         <size>0x20</size>
         <input_file_ref idref="fl-5"/>
      </object_component>
      <object_component id="oc-106">
         <name>.debug_aranges</name>
         <load_address>0x2e0</load_address>
         <run_address>0x2e0</run_address>
         <size>0x20</size>
         <input_file_ref idref="fl-5"/>
      </object_component>
      <object_component id="oc-10c">
         <name>.debug_aranges</name>
         <load_address>0x300</load_address>
         <run_address>0x300</run_address>
         <size>0x20</size>
         <input_file_ref idref="fl-5"/>
      </object_component>
      <object_component id="oc-112">
         <name>.debug_aranges</name>
         <load_address>0x320</load_address>
         <run_address>0x320</run_address>
         <size>0x20</size>
         <input_file_ref idref="fl-5"/>
      </object_component>
      <object_component id="oc-118">
         <name>.debug_aranges</name>
         <load_address>0x340</load_address>
         <run_address>0x340</run_address>
         <size>0x20</size>
         <input_file_ref idref="fl-5"/>
      </object_component>
      <object_component id="oc-11e">
         <name>.debug_aranges</name>
         <load_address>0x360</load_address>
         <run_address>0x360</run_address>
         <size>0x20</size>
         <input_file_ref idref="fl-5"/>
      </object_component>
      <object_component id="oc-124">
         <name>.debug_aranges</name>
         <load_address>0x380</load_address>
         <run_address>0x380</run_address>
         <size>0x20</size>
         <input_file_ref idref="fl-5"/>
      </object_component>
      <object_component id="oc-12a">
         <name>.debug_aranges</name>
         <load_address>0x3a0</load_address>
         <run_address>0x3a0</run_address>
         <size>0x20</size>
         <input_file_ref idref="fl-5"/>
      </object_component>
      <object_component id="oc-130">
         <name>.debug_aranges</name>
         <load_address>0x3c0</load_address>
         <run_address>0x3c0</run_address>
         <size>0x20</size>
         <input_file_ref idref="fl-5"/>
      </object_component>
      <object_component id="oc-138">
         <name>.debug_aranges</name>
         <load_address>0x3e0</load_address>
         <run_address>0x3e0</run_address>
         <size>0x20</size>
         <input_file_ref idref="fl-5"/>
      </object_component>
      <object_component id="oc-17f">
         <name>.debug_aranges</name>
         <load_address>0x400</load_address>
         <run_address>0x400</run_address>
         <size>0x20</size>
         <input_file_ref idref="fl-7"/>
      </object_component>
      <object_component id="oc-184">
         <name>.debug_aranges</name>
         <load_address>0x420</load_address>
         <run_address>0x420</run_address>
         <size>0x20</size>
         <input_file_ref idref="fl-7"/>
      </object_component>
      <object_component id="oc-189">
         <name>.debug_aranges</name>
         <load_address>0x440</load_address>
         <run_address>0x440</run_address>
         <size>0x20</size>
         <input_file_ref idref="fl-7"/>
      </object_component>
      <object_component id="oc-19b">
         <name>.debug_aranges</name>
         <load_address>0x460</load_address>
         <run_address>0x460</run_address>
         <size>0x20</size>
         <input_file_ref idref="fl-7"/>
      </object_component>
      <object_component id="oc-1a2">
         <name>.debug_aranges</name>
         <load_address>0x480</load_address>
         <run_address>0x480</run_address>
         <size>0x20</size>
         <input_file_ref idref="fl-36"/>
      </object_component>
      <object_component id="oc-1ab">
         <name>.debug_aranges</name>
         <load_address>0x4a0</load_address>
         <run_address>0x4a0</run_address>
         <size>0x20</size>
         <input_file_ref idref="fl-7"/>
      </object_component>
      <object_component id="oc-1b1">
         <name>.debug_aranges</name>
         <load_address>0x4c0</load_address>
         <run_address>0x4c0</run_address>
         <size>0x20</size>
         <input_file_ref idref="fl-2"/>
      </object_component>
      <object_component id="oc-1b7">
         <name>.debug_aranges</name>
         <load_address>0x4e0</load_address>
         <run_address>0x4e0</run_address>
         <size>0x20</size>
         <input_file_ref idref="fl-7"/>
      </object_component>
      <object_component id="oc-1bf">
         <name>.debug_aranges</name>
         <load_address>0x500</load_address>
         <run_address>0x500</run_address>
         <size>0x20</size>
         <input_file_ref idref="fl-7"/>
      </object_component>
      <object_component id="oc-1c4">
         <name>.debug_aranges</name>
         <load_address>0x520</load_address>
         <run_address>0x520</run_address>
         <size>0x20</size>
         <input_file_ref idref="fl-2"/>
      </object_component>
      <object_component id="oc-1e8">
         <name>.debug_aranges</name>
         <load_address>0x540</load_address>
         <run_address>0x540</run_address>
         <size>0x20</size>
         <input_file_ref idref="fl-2"/>
      </object_component>
      <object_component id="oc-1f3">
         <name>.debug_aranges</name>
         <load_address>0x560</load_address>
         <run_address>0x560</run_address>
         <size>0x20</size>
         <input_file_ref idref="fl-27"/>
      </object_component>
      <object_component id="oc-226">
         <name>.debug_aranges</name>
         <load_address>0x580</load_address>
         <run_address>0x580</run_address>
         <size>0x20</size>
         <input_file_ref idref="fl-2"/>
      </object_component>
      <object_component id="oc-22b">
         <name>.debug_aranges</name>
         <load_address>0x5a0</load_address>
         <run_address>0x5a0</run_address>
         <size>0x20</size>
         <input_file_ref idref="fl-37"/>
      </object_component>
      <object_component id="oc-233">
         <name>.debug_aranges</name>
         <load_address>0x5c0</load_address>
         <run_address>0x5c0</run_address>
         <size>0x20</size>
         <input_file_ref idref="fl-7"/>
      </object_component>
      <object_component id="oc-23f">
         <name>.debug_aranges</name>
         <load_address>0x5e0</load_address>
         <run_address>0x5e0</run_address>
         <size>0x20</size>
         <input_file_ref idref="fl-2"/>
      </object_component>
      <object_component id="oc-244">
         <name>.debug_aranges</name>
         <load_address>0x600</load_address>
         <run_address>0x600</run_address>
         <size>0x20</size>
         <input_file_ref idref="fl-2"/>
      </object_component>
      <object_component id="oc-24a">
         <name>.debug_aranges</name>
         <load_address>0x620</load_address>
         <run_address>0x620</run_address>
         <size>0x20</size>
         <input_file_ref idref="fl-39"/>
      </object_component>
      <object_component id="oc-24e">
         <name>.debug_aranges</name>
         <load_address>0x640</load_address>
         <run_address>0x640</run_address>
         <size>0x20</size>
         <input_file_ref idref="fl-26"/>
      </object_component>
      <object_component id="oc-253">
         <name>.debug_aranges</name>
         <load_address>0x660</load_address>
         <run_address>0x660</run_address>
         <size>0x20</size>
         <input_file_ref idref="fl-5"/>
      </object_component>
      <object_component id="oc-259">
         <name>.debug_aranges</name>
         <load_address>0x680</load_address>
         <run_address>0x680</run_address>
         <size>0x20</size>
         <input_file_ref idref="fl-5"/>
      </object_component>
      <object_component id="oc-260">
         <name>.debug_aranges</name>
         <load_address>0x6a0</load_address>
         <run_address>0x6a0</run_address>
         <size>0x20</size>
         <input_file_ref idref="fl-5"/>
      </object_component>
      <object_component id="oc-266">
         <name>.debug_aranges</name>
         <load_address>0x6c0</load_address>
         <run_address>0x6c0</run_address>
         <size>0x20</size>
         <input_file_ref idref="fl-5"/>
      </object_component>
      <object_component id="oc-26c">
         <name>.debug_aranges</name>
         <load_address>0x6e0</load_address>
         <run_address>0x6e0</run_address>
         <size>0x20</size>
         <input_file_ref idref="fl-5"/>
      </object_component>
      <object_component id="oc-272">
         <name>.debug_aranges</name>
         <load_address>0x700</load_address>
         <run_address>0x700</run_address>
         <size>0x20</size>
         <input_file_ref idref="fl-5"/>
      </object_component>
      <object_component id="oc-278">
         <name>.debug_aranges</name>
         <load_address>0x720</load_address>
         <run_address>0x720</run_address>
         <size>0x20</size>
         <input_file_ref idref="fl-5"/>
      </object_component>
      <object_component id="oc-27d">
         <name>.debug_aranges</name>
         <load_address>0x740</load_address>
         <run_address>0x740</run_address>
         <size>0x20</size>
         <input_file_ref idref="fl-5"/>
      </object_component>
      <object_component id="oc-283">
         <name>.debug_aranges</name>
         <load_address>0x760</load_address>
         <run_address>0x760</run_address>
         <size>0x20</size>
         <input_file_ref idref="fl-2"/>
      </object_component>
      <object_component id="oc-288">
         <name>.debug_aranges</name>
         <load_address>0x780</load_address>
         <run_address>0x780</run_address>
         <size>0x20</size>
         <input_file_ref idref="fl-5"/>
      </object_component>
      <object_component id="oc-2a2">
         <name>.debug_aranges</name>
         <load_address>0x7a0</load_address>
         <run_address>0x7a0</run_address>
         <size>0x20</size>
         <input_file_ref idref="fl-5"/>
      </object_component>
      <object_component id="oc-2a7">
         <name>.debug_aranges</name>
         <load_address>0x7c0</load_address>
         <run_address>0x7c0</run_address>
         <size>0x20</size>
         <input_file_ref idref="fl-5"/>
      </object_component>
      <object_component id="oc-2b3">
         <name>.debug_aranges</name>
         <load_address>0x7e0</load_address>
         <run_address>0x7e0</run_address>
         <size>0x20</size>
         <input_file_ref idref="fl-7"/>
      </object_component>
      <object_component id="oc-2b8">
         <name>.debug_aranges</name>
         <load_address>0x800</load_address>
         <run_address>0x800</run_address>
         <size>0x20</size>
         <input_file_ref idref="fl-7"/>
      </object_component>
      <object_component id="oc-2bd">
         <name>.debug_aranges</name>
         <load_address>0x820</load_address>
         <run_address>0x820</run_address>
         <size>0x20</size>
         <input_file_ref idref="fl-7"/>
      </object_component>
      <object_component id="oc-2c2">
         <name>.debug_aranges</name>
         <load_address>0x840</load_address>
         <run_address>0x840</run_address>
         <size>0x20</size>
         <input_file_ref idref="fl-7"/>
      </object_component>
      <object_component id="oc-2c7">
         <name>.debug_aranges</name>
         <load_address>0x860</load_address>
         <run_address>0x860</run_address>
         <size>0x20</size>
         <input_file_ref idref="fl-7"/>
      </object_component>
      <object_component id="oc-2e5">
         <name>.debug_aranges</name>
         <load_address>0x880</load_address>
         <run_address>0x880</run_address>
         <size>0x20</size>
         <input_file_ref idref="fl-7"/>
      </object_component>
      <object_component id="oc-2f3">
         <name>.debug_aranges</name>
         <load_address>0x8a0</load_address>
         <run_address>0x8a0</run_address>
         <size>0x20</size>
         <input_file_ref idref="fl-2"/>
      </object_component>
      <object_component id="oc-2fa">
         <name>.debug_aranges</name>
         <load_address>0x8c0</load_address>
         <run_address>0x8c0</run_address>
         <size>0x20</size>
         <input_file_ref idref="fl-7"/>
      </object_component>
      <object_component id="oc-2ff">
         <name>.debug_aranges</name>
         <load_address>0x8e0</load_address>
         <run_address>0x8e0</run_address>
         <size>0x20</size>
         <input_file_ref idref="fl-7"/>
      </object_component>
      <object_component id="oc-30f">
         <name>.debug_aranges</name>
         <load_address>0x900</load_address>
         <run_address>0x900</run_address>
         <size>0x20</size>
         <input_file_ref idref="fl-7"/>
      </object_component>
      <object_component id="oc-314">
         <name>.debug_aranges</name>
         <load_address>0x920</load_address>
         <run_address>0x920</run_address>
         <size>0x20</size>
         <input_file_ref idref="fl-7"/>
      </object_component>
      <object_component id="oc-31c">
         <name>.debug_aranges</name>
         <load_address>0x940</load_address>
         <run_address>0x940</run_address>
         <size>0x20</size>
         <input_file_ref idref="fl-2"/>
      </object_component>
      <object_component id="oc-361">
         <name>.debug_aranges</name>
         <load_address>0x960</load_address>
         <run_address>0x960</run_address>
         <size>0x20</size>
         <input_file_ref idref="fl-7"/>
      </object_component>
      <object_component id="oc-366">
         <name>.debug_aranges</name>
         <load_address>0x980</load_address>
         <run_address>0x980</run_address>
         <size>0x20</size>
         <input_file_ref idref="fl-7"/>
      </object_component>
      <object_component id="oc-377">
         <name>.debug_aranges</name>
         <load_address>0x9a0</load_address>
         <run_address>0x9a0</run_address>
         <size>0x20</size>
         <input_file_ref idref="fl-3e"/>
      </object_component>
      <object_component id="oc-383">
         <name>.debug_aranges</name>
         <load_address>0x9c0</load_address>
         <run_address>0x9c0</run_address>
         <size>0x20</size>
         <input_file_ref idref="fl-36"/>
      </object_component>
      <object_component id="oc-397">
         <name>.debug_aranges</name>
         <load_address>0x9e0</load_address>
         <run_address>0x9e0</run_address>
         <size>0x20</size>
         <input_file_ref idref="fl-2"/>
      </object_component>
      <object_component id="oc-3ba">
         <name>.debug_aranges</name>
         <load_address>0xa00</load_address>
         <run_address>0xa00</run_address>
         <size>0x20</size>
         <input_file_ref idref="fl-5"/>
      </object_component>
      <object_component id="oc-3bf">
         <name>.debug_aranges</name>
         <load_address>0xa20</load_address>
         <run_address>0xa20</run_address>
         <size>0x20</size>
         <input_file_ref idref="fl-5"/>
      </object_component>
      <object_component id="oc-3c6">
         <name>.debug_aranges</name>
         <load_address>0xa40</load_address>
         <run_address>0xa40</run_address>
         <size>0x20</size>
         <input_file_ref idref="fl-5"/>
      </object_component>
      <object_component id="oc-3d1">
         <name>.debug_aranges</name>
         <load_address>0xa60</load_address>
         <run_address>0xa60</run_address>
         <size>0x20</size>
         <input_file_ref idref="fl-7"/>
      </object_component>
      <object_component id="oc-3e3">
         <name>.debug_aranges</name>
         <load_address>0xa80</load_address>
         <run_address>0xa80</run_address>
         <size>0x20</size>
         <input_file_ref idref="fl-3b"/>
      </object_component>
      <object_component id="oc-3f8">
         <name>.debug_aranges</name>
         <load_address>0xaa0</load_address>
         <run_address>0xaa0</run_address>
         <size>0x20</size>
         <input_file_ref idref="fl-7"/>
      </object_component>
      <object_component id="oc-3fe">
         <name>.debug_aranges</name>
         <load_address>0xac0</load_address>
         <run_address>0xac0</run_address>
         <size>0x20</size>
         <input_file_ref idref="fl-7"/>
      </object_component>
      <object_component id="oc-40f">
         <name>.debug_aranges</name>
         <load_address>0xae0</load_address>
         <run_address>0xae0</run_address>
         <size>0x20</size>
         <input_file_ref idref="fl-34"/>
      </object_component>
      <object_component id="oc-416">
         <name>.debug_aranges</name>
         <load_address>0xb00</load_address>
         <run_address>0xb00</run_address>
         <size>0x20</size>
         <input_file_ref idref="fl-3a"/>
      </object_component>
      <object_component id="oc-430">
         <name>.debug_aranges</name>
         <load_address>0xb20</load_address>
         <run_address>0xb20</run_address>
         <size>0x20</size>
         <input_file_ref idref="fl-36"/>
      </object_component>
      <object_component id="oc-3a">
         <name>.debug_info</name>
         <load_address>0x0</load_address>
         <run_address>0x0</run_address>
         <size>0x125</size>
         <input_file_ref idref="fl-22"/>
      </object_component>
      <object_component id="oc-3e">
         <name>.debug_info</name>
         <load_address>0x125</load_address>
         <run_address>0x125</run_address>
         <size>0x194</size>
         <input_file_ref idref="fl-23"/>
      </object_component>
      <object_component id="oc-43">
         <name>.debug_info</name>
         <load_address>0x2b9</load_address>
         <run_address>0x2b9</run_address>
         <size>0x16a</size>
         <input_file_ref idref="fl-25"/>
      </object_component>
      <object_component id="oc-48">
         <name>.debug_info</name>
         <load_address>0x423</load_address>
         <run_address>0x423</run_address>
         <size>0x18e</size>
         <input_file_ref idref="fl-24"/>
      </object_component>
      <object_component id="oc-4d">
         <name>.debug_info</name>
         <load_address>0x5b1</load_address>
         <run_address>0x5b1</run_address>
         <size>0xaa</size>
         <input_file_ref idref="fl-22"/>
      </object_component>
      <object_component id="oc-50">
         <name>.debug_info</name>
         <load_address>0x65b</load_address>
         <run_address>0x65b</run_address>
         <size>0xb6</size>
         <input_file_ref idref="fl-36"/>
      </object_component>
      <object_component id="oc-52">
         <name>.debug_info</name>
         <load_address>0x711</load_address>
         <run_address>0x711</run_address>
         <size>0x109</size>
         <input_file_ref idref="fl-3"/>
      </object_component>
      <object_component id="oc-57">
         <name>.debug_info</name>
         <load_address>0x81a</load_address>
         <run_address>0x81a</run_address>
         <size>0x128</size>
         <input_file_ref idref="fl-8"/>
      </object_component>
      <object_component id="oc-5c">
         <name>.debug_info</name>
         <load_address>0x942</load_address>
         <run_address>0x942</run_address>
         <size>0xf2</size>
         <input_file_ref idref="fl-8"/>
      </object_component>
      <object_component id="oc-61">
         <name>.debug_info</name>
         <load_address>0xa34</load_address>
         <run_address>0xa34</run_address>
         <size>0x12b</size>
         <input_file_ref idref="fl-3"/>
      </object_component>
      <object_component id="oc-66">
         <name>.debug_info</name>
         <load_address>0xb5f</load_address>
         <run_address>0xb5f</run_address>
         <size>0xfd</size>
         <input_file_ref idref="fl-38"/>
      </object_component>
      <object_component id="oc-6b">
         <name>.debug_info</name>
         <load_address>0xc5c</load_address>
         <run_address>0xc5c</run_address>
         <size>0x14d</size>
         <input_file_ref idref="fl-3d"/>
      </object_component>
      <object_component id="oc-70">
         <name>.debug_info</name>
         <load_address>0xda9</load_address>
         <run_address>0xda9</run_address>
         <size>0x256</size>
         <input_file_ref idref="fl-6"/>
      </object_component>
      <object_component id="oc-75">
         <name>.debug_info</name>
         <load_address>0xfff</load_address>
         <run_address>0xfff</run_address>
         <size>0xcc</size>
         <input_file_ref idref="fl-29"/>
      </object_component>
      <object_component id="oc-7b">
         <name>.debug_info</name>
         <load_address>0x10cb</load_address>
         <run_address>0x10cb</run_address>
         <size>0x157</size>
         <input_file_ref idref="fl-35"/>
      </object_component>
      <object_component id="oc-80">
         <name>.debug_info</name>
         <load_address>0x1222</load_address>
         <run_address>0x1222</run_address>
         <size>0x46</size>
         <input_file_ref idref="fl-23"/>
      </object_component>
      <object_component id="oc-85">
         <name>.debug_info</name>
         <load_address>0x1268</load_address>
         <run_address>0x1268</run_address>
         <size>0x164</size>
         <input_file_ref idref="fl-23"/>
      </object_component>
      <object_component id="oc-87">
         <name>.debug_info</name>
         <load_address>0x13cc</load_address>
         <run_address>0x13cc</run_address>
         <size>0x46</size>
         <input_file_ref idref="fl-25"/>
      </object_component>
      <object_component id="oc-8c">
         <name>.debug_info</name>
         <load_address>0x1412</load_address>
         <run_address>0x1412</run_address>
         <size>0x11f</size>
         <input_file_ref idref="fl-25"/>
      </object_component>
      <object_component id="oc-8f">
         <name>.debug_info</name>
         <load_address>0x1531</load_address>
         <run_address>0x1531</run_address>
         <size>0x1e9</size>
         <input_file_ref idref="fl-24"/>
      </object_component>
      <object_component id="oc-93">
         <name>.debug_info</name>
         <load_address>0x171a</load_address>
         <run_address>0x171a</run_address>
         <size>0x129</size>
         <input_file_ref idref="fl-24"/>
      </object_component>
      <object_component id="oc-94">
         <name>.debug_info</name>
         <load_address>0x1843</load_address>
         <run_address>0x1843</run_address>
         <size>0x39</size>
         <input_file_ref idref="fl-24"/>
      </object_component>
      <object_component id="oc-9b">
         <name>.debug_info</name>
         <load_address>0x187c</load_address>
         <run_address>0x187c</run_address>
         <size>0x84</size>
         <input_file_ref idref="fl-2"/>
      </object_component>
      <object_component id="oc-a2">
         <name>.debug_info</name>
         <load_address>0x1900</load_address>
         <run_address>0x1900</run_address>
         <size>0x245</size>
         <input_file_ref idref="fl-36"/>
      </object_component>
      <object_component id="oc-a4">
         <name>.debug_info</name>
         <load_address>0x1b45</load_address>
         <run_address>0x1b45</run_address>
         <size>0x44f</size>
         <input_file_ref idref="fl-3"/>
      </object_component>
      <object_component id="oc-a7">
         <name>.debug_info</name>
         <load_address>0x1f94</load_address>
         <run_address>0x1f94</run_address>
         <size>0x158</size>
         <input_file_ref idref="fl-8"/>
      </object_component>
      <object_component id="oc-ac">
         <name>.debug_info</name>
         <load_address>0x20ec</load_address>
         <run_address>0x20ec</run_address>
         <size>0x5ad</size>
         <input_file_ref idref="fl-8"/>
      </object_component>
      <object_component id="oc-b2">
         <name>.debug_info</name>
         <load_address>0x2699</load_address>
         <run_address>0x2699</run_address>
         <size>0x748</size>
         <input_file_ref idref="fl-5"/>
      </object_component>
      <object_component id="oc-b4">
         <name>.debug_info</name>
         <load_address>0x2de1</load_address>
         <run_address>0x2de1</run_address>
         <size>0x46f</size>
         <input_file_ref idref="fl-6"/>
      </object_component>
      <object_component id="oc-ba">
         <name>.debug_info</name>
         <load_address>0x3250</load_address>
         <run_address>0x3250</run_address>
         <size>0x135</size>
         <input_file_ref idref="fl-7"/>
      </object_component>
      <object_component id="oc-d2">
         <name>.debug_info</name>
         <load_address>0x3385</load_address>
         <run_address>0x3385</run_address>
         <size>0xe1</size>
         <input_file_ref idref="fl-28"/>
      </object_component>
      <object_component id="oc-d6">
         <name>.debug_info</name>
         <load_address>0x3466</load_address>
         <run_address>0x3466</run_address>
         <size>0x2ba</size>
         <input_file_ref idref="fl-3d"/>
      </object_component>
      <object_component id="oc-d8">
         <name>.debug_info</name>
         <load_address>0x3720</load_address>
         <run_address>0x3720</run_address>
         <size>0x116</size>
         <input_file_ref idref="fl-8"/>
      </object_component>
      <object_component id="oc-dd">
         <name>.debug_info</name>
         <load_address>0x3836</load_address>
         <run_address>0x3836</run_address>
         <size>0x338</size>
         <input_file_ref idref="fl-7"/>
      </object_component>
      <object_component id="oc-e2">
         <name>.debug_info</name>
         <load_address>0x3b6e</load_address>
         <run_address>0x3b6e</run_address>
         <size>0x10c</size>
         <input_file_ref idref="fl-3"/>
      </object_component>
      <object_component id="oc-e7">
         <name>.debug_info</name>
         <load_address>0x3c7a</load_address>
         <run_address>0x3c7a</run_address>
         <size>0xf6</size>
         <input_file_ref idref="fl-2"/>
      </object_component>
      <object_component id="oc-ec">
         <name>.debug_info</name>
         <load_address>0x3d70</load_address>
         <run_address>0x3d70</run_address>
         <size>0x13c</size>
         <input_file_ref idref="fl-3"/>
      </object_component>
      <object_component id="oc-fd">
         <name>.debug_info</name>
         <load_address>0x3eac</load_address>
         <run_address>0x3eac</run_address>
         <size>0x1f8</size>
         <input_file_ref idref="fl-5"/>
[...]
         <value>0x9fac</value>
         <object_component_ref idref="oc-1e4"/>
      </symbol>
      <symbol id="sm-12b">
         <name>Charge</name>
         <value>0xb59e</value>
         <object_component_ref idref="oc-435"/>
      </symbol>
      <symbol id="sm-12c">
         <name>add_head</name>
         <value>0x8684</value>
         <object_component_ref idref="oc-222"/>
      </symbol>
      <symbol id="sm-12d">
         <name>charge</name>
         <value>0xa5d2</value>
         <object_component_ref idref="oc-393"/>
      </symbol>
      <symbol id="sm-155">
         <name>WDT_cps_cnt</name>
         <value>0x320</value>
      </symbol>
      <symbol id="sm-156">
         <name>WDT_move_cnt</name>
         <value>0x324</value>
      </symbol>
      <symbol id="sm-157">
         <name>WDT_debounce_cnt</name>
         <value>0x322</value>
      </symbol>
      <symbol id="sm-158">
         <name>backlight_cnt</name>
         <value>0x326</value>
      </symbol>
      <symbol id="sm-159">
         <name>WDT_delay</name>
         <value>0x31a</value>
      </symbol>
      <symbol id="sm-15a">
         <name>TB0_tone_on</name>
         <value>0x31e</value>
      </symbol>
      <symbol id="sm-15b">
         <name>WDT_ISR</name>
         <value>0x95f8</value>
         <object_component_ref idref="oc-60"/>
      </symbol>
      <symbol id="sm-15c">
         <name>__TI_int02</name>
         <value>0xffe4</value>
         <object_component_ref idref="oc-2d"/>
      </symbol>
      <symbol id="sm-15d">
         <name>port1_init</name>
         <value>0xa316</value>
         <object_component_ref idref="oc-e1"/>
      </symbol>
      <symbol id="sm-15e">
         <name>__TI_int10</name>
         <value>0xfff4</value>
         <object_component_ref idref="oc-34"/>
      </symbol>
      <symbol id="sm-15f">
         <name>Port_1_ISR</name>
         <value>0xa510</value>
         <object_component_ref idref="oc-51"/>
      </symbol>
      <symbol id="sm-160">
         <name>watchdog_init</name>
         <value>0xa43c</value>
         <object_component_ref idref="oc-eb"/>
      </symbol>
      <symbol id="sm-16d">
         <name>snake1_image</name>
         <value>0xa632</value>
         <object_component_ref idref="oc-2ad"/>
      </symbol>
      <symbol id="sm-16e">
         <name>snake_text_image</name>
         <value>0xacb4</value>
         <object_component_ref idref="oc-1b9"/>
      </symbol>
      <symbol id="sm-27e">
         <name>game_mode</name>
         <value>0x328</value>
      </symbol>
      <symbol id="sm-27f">
         <name>score</name>
         <value>0x330</value>
      </symbol>
      <symbol id="sm-280">
         <name>seconds</name>
         <value>0x332</value>
      </symbol>
      <symbol id="sm-281">
         <name>move_cnt</name>
         <value>0x32e</value>
      </symbol>
      <symbol id="sm-282">
         <name>level</name>
         <value>0x342</value>
      </symbol>
      <symbol id="sm-283">
         <name>direction</name>
         <value>0x33d</value>
      </symbol>
      <symbol id="sm-284">
         <name>head</name>
         <value>0x33e</value>
      </symbol>
      <symbol id="sm-285">
         <name>tail</name>
         <value>0x343</value>
      </symbol>
      <symbol id="sm-286">
         <name>time_left</name>
         <value>0x33a</value>
      </symbol>
      <symbol id="sm-287">
         <name>snake</name>
         <value>0x200</value>
      </symbol>
      <symbol id="sm-288">
         <name>food</name>
         <value>0x300</value>
      </symbol>
      <symbol id="sm-289">
         <name>rocks</name>
         <value>0x314</value>
      </symbol>
      <symbol id="sm-28a">
         <name>newRock</name>
         <value>0xa3c8</value>
         <object_component_ref idref="oc-3bb"/>
      </symbol>
      <symbol id="sm-28b">
         <name>draw_rock</name>
         <value>0x9f6e</value>
         <object_component_ref idref="oc-3c2"/>
      </symbol>
      <symbol id="sm-28c">
         <name>newFood</name>
         <value>0xa2e8</value>
         <object_component_ref idref="oc-255"/>
      </symbol>
      <symbol id="sm-28d">
         <name>draw_diamond_food</name>
         <value>0xa164</value>
         <object_component_ref idref="oc-268"/>
      </symbol>
      <symbol id="sm-28e">
         <name>draw_star_food</name>
         <value>0xa1c8</value>
         <object_component_ref idref="oc-262"/>
      </symbol>
      <symbol id="sm-28f">
         <name>SWITCH_4_event</name>
         <value>0xa370</value>
         <object_component_ref idref="oc-10e"/>
      </symbol>
      <symbol id="sm-290">
         <name>createRocks</name>
         <value>0x9bd4</value>
         <object_component_ref idref="oc-2a3"/>
      </symbol>
      <symbol id="sm-291">
         <name>createFoods</name>
         <value>0x9160</value>
         <object_component_ref idref="oc-29e"/>
      </symbol>
      <symbol id="sm-292">
         <name>draw_square_food</name>
         <value>0xa196</value>
         <object_component_ref idref="oc-274"/>
      </symbol>
      <symbol id="sm-293">
         <name>checkScore</name>
         <value>0x9d68</value>
         <object_component_ref idref="oc-279"/>
      </symbol>
      <symbol id="sm-294">
         <name>SWITCH_3_event</name>
         <value>0xa28c</value>
         <object_component_ref idref="oc-114"/>
      </symbol>
      <symbol id="sm-295">
         <name>NEXT_LEVEL_event</name>
         <value>0x8dd2</value>
         <object_component_ref idref="oc-102"/>
      </symbol>
      <symbol id="sm-296">
         <name>SWITCH_2_event</name>
         <value>0xa022</value>
         <object_component_ref idref="oc-11a"/>
      </symbol>
      <symbol id="sm-297">
         <name>draw_circle_food</name>
         <value>0xa132</value>
         <object_component_ref idref="oc-25c"/>
      </symbol>
      <symbol id="sm-298">
         <name>END_GAME_event</name>
         <value>0x936e</value>
         <object_component_ref idref="oc-fc"/>
      </symbol>
      <symbol id="sm-299">
         <name>LCD_UPDATE_event</name>
         <value>0x8b10</value>
         <object_component_ref idref="oc-108"/>
      </symbol>
      <symbol id="sm-29a">
         <name>MOVE_SNAKE_event</name>
         <value>0x848a</value>
         <object_component_ref idref="oc-126"/>
      </symbol>
      <symbol id="sm-29b">
         <name>checkSnake</name>
         <value>0x9f30</value>
         <object_component_ref idref="oc-284"/>
      </symbol>
      <symbol id="sm-29c">
         <name>checkRock</name>
         <value>0x926a</value>
         <object_component_ref idref="oc-3b6"/>
      </symbol>
      <symbol id="sm-29d">
         <name>SWITCH_1_event</name>
         <value>0x9dc4</value>
         <object_component_ref idref="oc-120"/>
      </symbol>
      <symbol id="sm-29e">
         <name>START_LEVEL_event</name>
         <value>0x9ad8</value>
         <object_component_ref idref="oc-12c"/>
      </symbol>
      <symbol id="sm-29f">
         <name>draw_triangle_food</name>
         <value>0xa1fa</value>
         <object_component_ref idref="oc-26e"/>
      </symbol>
      <symbol id="sm-2a0">
         <name>NEW_GAME_event</name>
         <value>0x96b8</value>
         <object_component_ref idref="oc-134"/>
      </symbol>
      <symbol id="sm-2a1">
         <name>checkFood</name>
         <value>0x99d2</value>
         <object_component_ref idref="oc-24f"/>
      </symbol>
      <symbol id="sm-2b9">
         <name>sys_event</name>
         <value>0x336</value>
      </symbol>
      <symbol id="sm-2ba">
         <name>main</name>
         <value>0x903e</value>
         <object_component_ref idref="oc-6f"/>
      </symbol>
      <symbol id="sm-407">
         <name>lcd_diamond</name>
         <value>0x98b6</value>
         <object_component_ref idref="oc-2af"/>
      </symbol>
      <symbol id="sm-408">
         <name>px_off</name>
         <value>0xb5da</value>
         <object_component_ref idref="oc-369"/>
      </symbol>
      <symbol id="sm-409">
         <name>lcd_backlight</name>
         <value>0xa564</value>
         <object_component_ref idref="oc-b9"/>
      </symbol>
      <symbol id="sm-40a">
         <name>lcd_cursor</name>
         <value>0xa25c</value>
         <object_component_ref idref="oc-1a7"/>
      </symbol>
      <symbol id="sm-40b">
         <name>lcd_triangle</name>
         <value>0x9b56</value>
         <object_component_ref idref="oc-2c3"/>
      </symbol>
      <symbol id="sm-40c">
         <name>lcd_putchar</name>
         <value>0x8f0c</value>
         <object_component_ref idref="oc-2f6"/>
      </symbol>
      <symbol id="sm-40d">
         <name>lcd_set</name>
         <value>0xa2ba</value>
         <object_component_ref idref="oc-2e1"/>
      </symbol>
      <symbol id="sm-40e">
         <name>lcd_clear</name>
         <value>0xa608</value>
         <object_component_ref idref="oc-197"/>
      </symbol>
      <symbol id="sm-40f">
         <name>lcd_set_x_y</name>
         <value>0xa0fe</value>
         <object_component_ref idref="oc-30b"/>
      </symbol>
      <symbol id="sm-410">
         <name>lcd_printf</name>
         <value>0xa418</value>
         <object_component_ref idref="oc-1b3"/>
      </symbol>
      <symbol id="sm-411">
         <name>lcd_WD</name>
         <value>0x9d0a</value>
         <object_component_ref idref="oc-3f4"/>
      </symbol>
      <symbol id="sm-412">
         <name>lcd_WD2</name>
         <value>0x9e60</value>
         <object_component_ref idref="oc-3fa"/>
      </symbol>
      <symbol id="sm-413">
         <name>lcd_point</name>
         <value>0x8000</value>
         <object_component_ref idref="oc-22f"/>
      </symbol>
      <symbol id="sm-414">
         <name>lcd_star</name>
         <value>0x9766</value>
         <object_component_ref idref="oc-2b4"/>
      </symbol>
      <symbol id="sm-415">
         <name>lcd_init</name>
         <value>0x8812</value>
         <object_component_ref idref="oc-dc"/>
      </symbol>
      <symbol id="sm-416">
         <name>lcd_rectangle</name>
         <value>0x994a</value>
         <object_component_ref idref="oc-3cd"/>
      </symbol>
      <symbol id="sm-417">
         <name>cs</name>
         <value>0xb152</value>
         <object_component_ref idref="oc-3f2"/>
      </symbol>
      <symbol id="sm-418">
         <name>dv3</name>
         <value>0xb44a</value>
         <object_component_ref idref="oc-367"/>
      </symbol>
      <symbol id="sm-419">
         <name>lcd_circle</name>
         <value>0x8c78</value>
         <object_component_ref idref="oc-2b9"/>
      </symbol>
      <symbol id="sm-41a">
         <name>lcd_wordImage</name>
         <value>0x9464</value>
         <object_component_ref idref="oc-1bb"/>
      </symbol>
      <symbol id="sm-41b">
         <name>lcd_square</name>
         <value>0xa480</value>
         <object_component_ref idref="oc-2be"/>
      </symbol>
      <symbol id="sm-41c">
         <name>px_on</name>
         <value>0xb5e0</value>
         <object_component_ref idref="oc-36b"/>
      </symbol>
      <symbol id="sm-460">
         <name>i2c_fSCL</name>
         <value>0x32a</value>
      </symbol>
      <symbol id="sm-461">
         <name>ADC10_ISR</name>
         <value>0xa612</value>
         <object_component_ref idref="oc-5b"/>
      </symbol>
      <symbol id="sm-462">
         <name>__TI_ISR_TRAP</name>
         <value>0xa344</value>
         <object_component_ref idref="oc-56"/>
      </symbol>
      <symbol id="sm-463">
         <name>__TI_int05</name>
         <value>0xffea</value>
         <object_component_ref idref="oc-2f"/>
      </symbol>
      <symbol id="sm-464">
         <name>ISR_trap</name>
         <value>0xa344</value>
         <object_component_ref idref="oc-56"/>
      </symbol>
      <symbol id="sm-465">
         <name>RBX430_init</name>
         <value>0x9538</value>
         <object_component_ref idref="oc-d7"/>
      </symbol>
      <symbol id="sm-466">
         <name>ERROR2</name>
         <value>0x8998</value>
         <object_component_ref idref="oc-a6"/>
      </symbol>
      <symbol id="sm-474">
         <name>_c_int00_noexit</name>
         <value>0xa4dc</value>
         <object_component_ref idref="oc-38"/>
      </symbol>
      <symbol id="sm-475">
         <name>_c_int00</name>
         <value>0xa4dc</value>
         <object_component_ref idref="oc-38"/>
      </symbol>
      <symbol id="sm-476">
         <name>_stack</name>
         <value>0x5b0</value>
         <object_component_ref idref="oc-4c"/>
      </symbol>
      <symbol id="sm-477">
         <name>_reset_vector</name>
         <value>0xfffe</value>
         <object_component_ref idref="oc-4e"/>
      </symbol>
      <symbol id="sm-48c">
         <name>__TI_decompress_none</name>
         <value>0xa58c</value>
         <object_component_ref idref="oc-3d"/>
      </symbol>
      <symbol id="sm-4ac">
         <name>__TI_decompress_rle24</name>
         <value>0xa622</value>
         <object_component_ref idref="oc-47"/>
      </symbol>
      <symbol id="sm-4c3">
         <name>__TI_zero_init</name>
         <value>0xa550</value>
         <object_component_ref idref="oc-42"/>
      </symbol>
      <symbol id="sm-4ce">
         <name>__mspabi_remi</name>
         <value>0xa39c</value>
         <object_component_ref idref="oc-24b"/>
      </symbol>
      <symbol id="sm-4cf">
         <name>__mspabi_divi</name>
         <value>0xa39c</value>
         <object_component_ref idref="oc-24b"/>
      </symbol>
      <symbol id="sm-4d8">
         <name>__mspabi_remu</name>
         <value>0xa526</value>
         <object_component_ref idref="oc-1f0"/>
      </symbol>
      <symbol id="sm-4d9">
         <name>__mspabi_divu</name>
         <value>0xa526</value>
         <object_component_ref idref="oc-1f0"/>
      </symbol>
      <symbol id="sm-4e1">
         <name>__mspabi_func_epilog_2</name>
         <value>0xa5cc</value>
         <object_component_ref idref="oc-d1"/>
      </symbol>
      <symbol id="sm-4e2">
         <name>__mspabi_func_epilog_3</name>
         <value>0xa5ca</value>
         <object_component_ref idref="oc-d1"/>
      </symbol>
      <symbol id="sm-4e3">
         <name>__mspabi_func_epilog_1</name>
         <value>0xa5ce</value>
         <object_component_ref idref="oc-d1"/>
      </symbol>
      <symbol id="sm-4e4">
         <name>__mspabi_func_epilog_6</name>
         <value>0xa5c4</value>
         <object_component_ref idref="oc-d1"/>
      </symbol>
      <symbol id="sm-4e5">
         <name>__mspabi_func_epilog_7</name>
         <value>0xa5c2</value>
         <object_component_ref idref="oc-d1"/>
      </symbol>
      <symbol id="sm-4e6">
         <name>__mspabi_func_epilog_4</name>
         <value>0xa5c8</value>
         <object_component_ref idref="oc-d1"/>
      </symbol>
      <symbol id="sm-4e7">
         <name>__mspabi_func_epilog_5</name>
         <value>0xa5c6</value>
         <object_component_ref idref="oc-d1"/>
      </symbol>
      <symbol id="sm-4f0">
         <name>C$$EXIT</name>
         <value>0xa62c</value>
         <object_component_ref idref="oc-74"/>
      </symbol>
      <symbol id="sm-4f1">
         <name>abort</name>
         <value>0xa62c</value>
         <object_component_ref idref="oc-74"/>
      </symbol>
      <symbol id="sm-4f4">
         <name>__TI_int03</name>
         <value>0xffe6</value>
         <object_component_ref idref="oc-2e"/>
      </symbol>
      <symbol id="sm-4f7">
         <name>__TI_int06</name>
         <value>0xffec</value>
         <object_component_ref idref="oc-30"/>
      </symbol>
      <symbol id="sm-4fa">
         <name>__TI_int07</name>
         <value>0xffee</value>
         <object_component_ref idref="oc-31"/>
      </symbol>
      <symbol id="sm-4fd">
         <name>__TI_int08</name>
         <value>0xfff0</value>
         <object_component_ref idref="oc-32"/>
      </symbol>
      <symbol id="sm-500">
         <name>__TI_int09</name>
         <value>0xfff2</value>
         <object_component_ref idref="oc-33"/>
      </symbol>
      <symbol id="sm-503">
         <name>__TI_int12</name>
         <value>0xfff8</value>
         <object_component_ref idref="oc-35"/>
      </symbol>
      <symbol id="sm-506">
         <name>__TI_int13</name>
         <value>0xfffa</value>
         <object_component_ref idref="oc-36"/>
      </symbol>
      <symbol id="sm-509">
         <name>__TI_int14</name>
         <value>0xfffc</value>
         <object_component_ref idref="oc-37"/>
      </symbol>
      <symbol id="sm-514">
         <name>__mspabi_srll</name>
         <value>0xa59e</value>
         <object_component_ref idref="oc-40c"/>
      </symbol>
      <symbol id="sm-521">
         <name>memcpy</name>
         <value>0xa5b0</value>
         <object_component_ref idref="oc-7a"/>
      </symbol>
      <symbol id="sm-567">
         <name>_sys_memory</name>
         <value>0x344</value>
         <object_component_ref idref="oc-4f"/>
      </symbol>
      <symbol id="sm-568">
         <name>free</name>
         <value>0x9a58</value>
         <object_component_ref idref="oc-19e"/>
      </symbol>
      <symbol id="sm-569">
         <name>malloc</name>
         <value>0x980e</value>
         <object_component_ref idref="oc-37f"/>
      </symbol>
      <symbol id="sm-56a">
         <name>minit</name>
         <value>0xa05a</value>
         <object_component_ref idref="oc-42c"/>
      </symbol>
      <symbol id="sm-573">
         <name>__mspabi_mpyi</name>
         <value>0xa578</value>
         <object_component_ref idref="oc-229"/>
      </symbol>
      <symbol id="sm-57b">
         <name>_system_pre_init</name>
         <value>0xa628</value>
         <object_component_ref idref="oc-65"/>
      </symbol>
      <symbol id="sm-588">
         <name>rand</name>
         <value>0xa092</value>
         <object_component_ref idref="oc-246"/>
      </symbol>
      <symbol id="sm-594">
         <name>strlen</name>
         <value>0xa5ee</value>
         <object_component_ref idref="oc-412"/>
      </symbol>
      <symbol id="sm-5a3">
         <name>_nop</name>
         <value>0xa630</value>
         <object_component_ref idref="oc-3df"/>
      </symbol>
      <symbol id="sm-5a4">
         <name>_lock</name>
         <value>0x44e</value>
         <object_component_ref idref="oc-2e7"/>
      </symbol>
      <symbol id="sm-5a5">
         <name>_unlock</name>
         <value>0x450</value>
         <object_component_ref idref="oc-2e7"/>
      </symbol>
      <symbol id="sm-5bb">
         <name>_auto_init</name>
         <value>0x9cac</value>
         <object_component_ref idref="oc-6a"/>
      </symbol>
      <symbol id="sm-5c4">
         <name>__mspabi_mpyl</name>
         <value>0xa3f2</value>
         <object_component_ref idref="oc-374"/>
      </symbol>
      <symbol id="sm-5c5">
         <name>__TI_exit</name>
         <value>0x1</value>
      </symbol>
      <symbol id="sm-5c6">
         <name>__TI_args_main</name>
         <value>0x1</value>
      </symbol>
      <symbol id="sm-5c7">
         <name>__TI_INITARRAY_Base</name>
         <value>0x0</value>
      </symbol>
      <symbol id="sm-5c8">
         <name>__TI_INITARRAY_Limit</name>
         <value>0x0</value>
      </symbol>
   </symbol_table>
   <title>Link successful</title>
</link_info>
