******************************************************************************
                  MSP430 Linker PC v4.2.1                      
******************************************************************************
>> Linked Wed Dec 07 15:07:11 2016

OUTPUT FILE NAME:   <224Lab9.out>
ENTRY POINT SYMBOL: "_c_int00"  address: 0000a4dc


MEMORY CONFIGURATION

         name            origin    length      used     unused   attr    fill
----------------------  --------  ---------  --------  --------  ----  --------
  SFR                   00000000   00000010  00000000  00000010  RWIX
  PERIPHERALS_8BIT      00000010   000000f0  00000000  000000f0  RWIX
  PERIPHERALS_16BIT     00000100   00000100  00000000  00000100  RWIX
  RAM                   00000200   00000400  000002a7  00000159  RWIX
  INFOD                 00001000   00000040  00000000  00000040  RWIX
  INFOC                 00001040   00000040  00000000  00000040  RWIX
  INFOB                 00001080   00000040  00000000  00000040  RWIX
  INFOA                 000010c0   00000040  00000000  00000040  RWIX
  FLASH                 00008000   00007fde  00003606  000049d8  RWIX
  INT00                 0000ffe0   00000002  00000000  00000002  RWIX
  INT01                 0000ffe2   00000002  00000000  00000002  RWIX
  INT02                 0000ffe4   00000002  00000002  00000000  RWIX
  INT03                 0000ffe6   00000002  00000002  00000000  RWIX
  INT04                 0000ffe8   00000002  00000000  00000002  RWIX
  INT05                 0000ffea   00000002  00000002  00000000  RWIX
  INT06                 0000ffec   00000002  00000002  00000000  RWIX
  INT07                 0000ffee   00000002  00000002  00000000  RWIX
  INT08                 0000fff0   00000002  00000002  00000000  RWIX
  INT09                 0000fff2   00000002  00000002  00000000  RWIX
  INT10                 0000fff4   00000002  00000002  00000000  RWIX
  INT11                 0000fff6   00000002  00000000  00000002  RWIX
  INT12                 0000fff8   00000002  00000002  00000000  RWIX
  INT13                 0000fffa   00000002  00000002  00000000  RWIX
  INT14                 0000fffc   00000002  00000002  00000000  RWIX
  RESET                 0000fffe   00000002  00000002  00000000  RWIX


SECTION ALLOCATION MAP

 output                                  attributes/
section   page    origin      length       input sections
--------  ----  ----------  ----------   ----------------
.init_array 
*          0    00008000    00000000     UNINITIALIZED

.bss       0    00000200    00000144     UNINITIALIZED
                  00000200    00000100     (.common:snake)
                  00000300    00000014     (.common:food)
                  00000314    00000006     (.common:rocks)
                  0000031a    00000004     (.common:WDT_delay)
                  0000031e    00000002     (.common:TB0_tone_on)
                  00000320    00000002     (.common:WDT_cps_cnt)
                  00000322    00000002     (.common:WDT_debounce_cnt)
                  00000324    00000002     (.common:WDT_move_cnt)
                  00000326    00000002     (.common:backlight_cnt)
                  00000328    00000002     (.common:game_mode)
                  0000032a    00000002     (.common:i2c_fSCL)
                  0000032c    00000002     (.common:memsize)
                  0000032e    00000002     (.common:move_cnt)
                  00000330    00000002     (.common:score)
                  00000332    00000002     (.common:seconds)
                  00000334    00000002     (.common:sys_base)
                  00000336    00000002     (.common:sys_event)
                  00000338    00000002     (.common:sys_free)
                  0000033a    00000002     (.common:time_left)
                  0000033c    00000001     (.common:char_cnt)
                  0000033d    00000001     (.common:direction)
                  0000033e    00000001     (.common:head)
                  0000033f    00000001     (.common:lcd_dmode)
                  00000340    00000001     (.common:lcd_x)
                  00000341    00000001     (.common:lcd_y)
                  00000342    00000001     (.common:level)
                  00000343    00000001     (.common:tail)

.TI.noinit 
*          0    00000200    00000000     UNINITIALIZED

.sysmem    0    00000344    00000109     UNINITIALIZED
                  00000344    00000004     rts430_eabi.lib : memory.obj (.sysmem)
                  00000348    00000105     --HOLE--

.data      0    0000044e    0000000a     UNINITIALIZED
                  0000044e    00000004     rts430_eabi.lib : _lock.obj (.data)
                  00000452    00000004                     : rand.obj (.data)
                  00000456    00000002                     : memory.obj (.data)

.TI.persistent 
*          0    0000044e    00000000     UNINITIALIZED

.stack     0    000005b0    00000050     UNINITIALIZED
                  000005b0    00000002     rts430_eabi.lib : boot.obj (.stack)
                  000005b2    0000004e     --HOLE--

.text      0    00008000    00002632     
                  00008000    00000246     RBX430_lcd.obj (.text:lcd_point)
                  00008246    00000244     RBX430_lcd.obj (.text:my_printfi)
                  0000848a    000001fa     snake_events.obj (.text:MOVE_SNAKE_event)
                  00008684    0000018e     snakelib.obj (.text:add_head)
                  00008812    00000186     RBX430_lcd.obj (.text:lcd_init)
                  00008998    00000178     RBX430-1.obj (.text:ERROR2)
                  00008b10    00000168     snake_events.obj (.text:LCD_UPDATE_event)
                  00008c78    0000015a     RBX430_lcd.obj (.text:lcd_circle)
                  00008dd2    0000013a     snake_events.obj (.text:NEXT_LEVEL_event)
                  00008f0c    00000132     RBX430_lcd.obj (.text:lcd_putchar)
                  0000903e    00000122     snake.obj (.text:main)
                  00009160    0000010a     snake_events.obj (.text:createFoods)
                  0000926a    00000104     snake_events.obj (.text:checkRock)
                  0000936e    000000f6     snake_events.obj (.text:END_GAME_event)
                  00009464    000000d4     RBX430_lcd.obj (.text:lcd_wordImage)
                  00009538    000000c0     RBX430-1.obj (.text:RBX430_init)
                  000095f8    000000c0     snake_interrupts.obj (.text:WDT_ISR)
                  000096b8    000000ae     snake_events.obj (.text:NEW_GAME_event)
                  00009766    000000a8     RBX430_lcd.obj (.text:lcd_star)
                  0000980e    000000a8     rts430_eabi.lib : memory.obj (.text:malloc)
                  000098b6    00000094     RBX430_lcd.obj (.text:lcd_diamond)
                  0000994a    00000088     RBX430_lcd.obj (.text:lcd_rectangle)
                  000099d2    00000086     snake_events.obj (.text:checkFood)
                  00009a58    00000080     rts430_eabi.lib : memory.obj (.text:free)
                  00009ad8    0000007e     snake_events.obj (.text:START_LEVEL_event)
                  00009b56    0000007e     RBX430_lcd.obj (.text:lcd_triangle)
                  00009bd4    0000007a     snake_events.obj (.text:createRocks)
                  00009c4e    0000005e     rts430_eabi.lib : copy_decompress_rle.obj (.text:__TI_decompress_rle_core)
                  00009cac    0000005e                     : autoinit.obj (.text:_auto_init)
                  00009d0a    0000005e     RBX430_lcd.obj (.text:lcd_WD)
                  00009d68    0000005c     snake_events.obj (.text:checkScore)
                  00009dc4    00000052     snake_events.obj (.text:SWITCH_1_event)
                  00009e16    0000004a     snakelib.obj (.text:delete_tail)
                  00009e60    0000004a     RBX430_lcd.obj (.text:lcd_WD2)
                  00009eaa    00000046     RBX430_lcd.obj (.text:DelayMs)
                  00009ef0    00000040     snakelib.obj (.text:outTone)
                  00009f30    0000003e     snake_events.obj (.text:checkSnake)
                  00009f6e    0000003e     snake_events.obj (.text:draw_rock)
                  00009fac    0000003e     snakelib.obj (.text:new_snake)
                  00009fea    00000038     RBX430_lcd.obj (.text:ReadDataWord)
                  0000a022    00000038     snake_events.obj (.text:SWITCH_2_event)
                  0000a05a    00000038     rts430_eabi.lib : memory.obj (.text:minit)
                  0000a092    00000038                     : rand.obj (.text:rand)
                  0000a0ca    00000034     RBX430_lcd.obj (.text:WriteDataWord)
                  0000a0fe    00000034     RBX430_lcd.obj (.text:lcd_set_x_y)
                  0000a132    00000032     snake_events.obj (.text:draw_circle_food)
                  0000a164    00000032     snake_events.obj (.text:draw_diamond_food)
                  0000a196    00000032     snake_events.obj (.text:draw_square_food)
                  0000a1c8    00000032     snake_events.obj (.text:draw_star_food)
                  0000a1fa    00000032     snake_events.obj (.text:draw_triangle_food)
                  0000a22c    00000030     snakelib.obj (.text:doDitty)
                  0000a25c    00000030     RBX430_lcd.obj (.text:lcd_cursor)
                  0000a28c    0000002e     snake_events.obj (.text:SWITCH_3_event)
                  0000a2ba    0000002e     RBX430_lcd.obj (.text:lcd_set)
                  0000a2e8    0000002e     snake_events.obj (.text:newFood)
                  0000a316    0000002e     snake_interrupts.obj (.text:port1_init)
                  0000a344    0000002c     RBX430-1.obj (.text:ISR_trap)
                  0000a370    0000002c     snake_events.obj (.text:SWITCH_4_event)
                  0000a39c    0000002c     rts430_eabi.lib : div16s.obj (.text)
                  0000a3c8    0000002a     snake_events.obj (.text:newRock)
                  0000a3f2    00000026     rts430_eabi.lib : mult32.obj (.text)
                  0000a418    00000024     RBX430_lcd.obj (.text:lcd_printf)
                  0000a43c    00000024     snake_interrupts.obj (.text:watchdog_init)
                  0000a460    00000020     RBX430_lcd.obj (.text:ReadData)
                  0000a480    00000020     RBX430_lcd.obj (.text:lcd_square)
                  0000a4a0    0000001e     RBX430_lcd.obj (.text:WriteCmd)
                  0000a4be    0000001e     RBX430_lcd.obj (.text:WriteData)
                  0000a4dc    0000001a     rts430_eabi.lib : boot.obj (.text:_c_int00_noexit)
                  0000a4f6    0000001a     snakelib.obj (.text:timerB_init)
                  0000a510    00000016     snake_interrupts.obj (.text:Port_1_ISR)
                  0000a526    00000016     rts430_eabi.lib : div16u.obj (.text)
                  0000a53c    00000014     snakelib.obj (.text:beep)
                  0000a550    00000014     rts430_eabi.lib : copy_zero_init.obj (.text:decompress:ZI:__TI_zero_init)
                  0000a564    00000014     RBX430_lcd.obj (.text:lcd_backlight)
                  0000a578    00000014     rts430_eabi.lib : mult16.obj (.text)
                  0000a58c    00000012                     : copy_decompress_none.obj (.text:decompress:none:__TI_decompress_none)
                  0000a59e    00000012                     : lsr32.obj (.text:l_lsr)
                  0000a5b0    00000012                     : memcpy.obj (.text:memcpy)
                  0000a5c2    00000010                     : epilog.obj (.text)
                  0000a5d2    0000000e     snakelib.obj (.text:charge)
                  0000a5e0    0000000e     snakelib.obj (.text:imperial_march)
                  0000a5ee    0000000e     rts430_eabi.lib : strlen.obj (.text:strlen)
                  0000a5fc    0000000c     snakelib.obj (.text:rasberry)
                  0000a608    0000000a     RBX430_lcd.obj (.text:lcd_clear)
                  0000a612    00000008     RBX430-1.obj (.text:ADC10_ISR)
                  0000a61a    00000008     snakelib.obj (.text:blink)
                  0000a622    00000006     rts430_eabi.lib : copy_decompress_rle.obj (.text:decompress:rle24:__TI_decompress_rle24)
                  0000a628    00000004                     : pre_init.obj (.text:_system_pre_init)
                  0000a62c    00000004                     : exit.obj (.text:abort)
                  0000a630    00000002                     : _lock.obj (.text:_nop)

.const     0    0000a632    00000fb4     
                  0000a632    00000682     snake_images.obj (.const:snake1_image)
                  0000acb4    0000049e     snake_images.obj (.const:snake_text_image)
                  0000b152    000001e0     RBX430_lcd.obj (.const:cs)
                  0000b332    00000118     snakelib.obj (.const:imperial_march_notes)
                  0000b44a    000000a2     RBX430_lcd.obj (.const:.string:dv3)
                  0000b4ec    00000086     snake_events.obj (.const:.string)
                  0000b572    0000002c     RBX430_lcd.obj (.const:dv$3)
                  0000b59e    00000018     snakelib.obj (.const:Charge)
                  0000b5b6    00000011     RBX430_lcd.obj (.const:.string:lHexChar$1)
                  0000b5c7    00000001     --HOLE-- [fill = 0]
                  0000b5c8    00000011     RBX430_lcd.obj (.const:.string:uHexChar$2)
                  0000b5d9    00000001     --HOLE-- [fill = 0]
                  0000b5da    00000006     RBX430_lcd.obj (.const:px_off)
                  0000b5e0    00000006     RBX430_lcd.obj (.const:px_on)

.cinit     0    0000b5e6    00000020     
                  0000b5e6    0000000e     (.cinit..data.load) [load image]
                  0000b5f4    00000006     (__TI_handler_table)
                  0000b5fa    00000004     (.cinit..bss.load) [load image, compression = zero_init]
                  0000b5fe    00000008     (__TI_cinit_table)

PORT1      0    0000ffe4    00000002     
                  0000ffe4    00000002     snake_interrupts.obj (.int02)

PORT2      0    0000ffe6    00000002     
                  0000ffe6    00000002     rts430_eabi.lib : int03.obj (.int03)

ADC10      0    0000ffea    00000002     
                  0000ffea    00000002     RBX430-1.obj (.int05)

USCIAB0TX 
*          0    0000ffec    00000002     
                  0000ffec    00000002     rts430_eabi.lib : int06.obj (.int06)

USCIAB0RX 
*          0    0000ffee    00000002     
                  0000ffee    00000002     rts430_eabi.lib : int07.obj (.int07)

TIMERA1    0    0000fff0    00000002     
                  0000fff0    00000002     rts430_eabi.lib : int08.obj (.int08)

TIMERA0    0    0000fff2    00000002     
                  0000fff2    00000002     rts430_eabi.lib : int09.obj (.int09)

WDT        0    0000fff4    00000002     
                  0000fff4    00000002     snake_interrupts.obj (.int10)

TIMERB1    0    0000fff8    00000002     
                  0000fff8    00000002     rts430_eabi.lib : int12.obj (.int12)

TIMERB0    0    0000fffa    00000002     
                  0000fffa    00000002     rts430_eabi.lib : int13.obj (.int13)

NMI        0    0000fffc    00000002     
                  0000fffc    00000002     rts430_eabi.lib : int14.obj (.int14)

.reset     0    0000fffe    00000002     
                  0000fffe    00000002     rts430_eabi.lib : boot.obj (.reset)


LINKER GENERATED COPY TABLES

__TI_cinit_table @ 0000b5fe records: 2, size/record: 4, table size: 8
	.data: load addr=0000b5e6, load size=0000000e bytes, run addr=0000044e, run size=0000000a bytes, compression=copy
	.bss: load addr=0000b5fa, load size=00000004 bytes, run addr=00000200, run size=00000144 bytes, compression=zero_init


LINKER GENERATED HANDLER TABLE

__TI_handler_table @ 0000b5f4 records: 3, size/record: 2, table size: 6
	index: 0, handler: __TI_zero_init
	index: 1, handler: __TI_decompress_rle24
	index: 2, handler: __TI_decompress_none


GLOBAL SYMBOLS: SORTED ALPHABETICALLY BY Name 

address    name
--------   ----
0000004a   ADC10AE0
0000004b   ADC10AE1
000001b0   ADC10CTL0
000001b2   ADC10CTL1
00000048   ADC10DTC0
00000049   ADC10DTC1
000001b4   ADC10MEM
000001bc   ADC10SA
0000a612   ADC10_ISR
00000057   BCSCTL1
00000058   BCSCTL2
00000053   BCSCTL3
0000a62c   C$$EXIT
000010fb   CALBC1_12MHZ
000010f9   CALBC1_16MHZ
000010ff   CALBC1_1MHZ
000010fd   CALBC1_8MHZ
000010fa   CALDCO_12MHZ
000010f8   CALDCO_16MHZ
000010fe   CALDCO_1MHZ
000010fc   CALDCO_8MHZ
0000b59e   Charge
00000056   DCOCTL
0000936e   END_GAME_event
00008998   ERROR2
00000128   FCTL1
0000012a   FCTL2
0000012c   FCTL3
00000000   IE1
00000001   IE2
00000002   IFG1
00000003   IFG2
0000a344   ISR_trap
00008b10   LCD_UPDATE_event
0000848a   MOVE_SNAKE_event
000096b8   NEW_GAME_event
00008dd2   NEXT_LEVEL_event
000000c0   OA0CTL0
000000c1   OA0CTL1
000000c2   OA1CTL0
000000c3   OA1CTL1
00000022   P1DIR
00000025   P1IE
00000024   P1IES
00000023   P1IFG
00000020   P1IN
00000021   P1OUT
00000027   P1REN
00000026   P1SEL
0000002a   P2DIR
0000002d   P2IE
0000002c   P2IES
0000002b   P2IFG
00000028   P2IN
00000029   P2OUT
0000002f   P2REN
0000002e   P2SEL
0000001a   P3DIR
00000018   P3IN
00000019   P3OUT
00000010   P3REN
0000001b   P3SEL
0000001e   P4DIR
0000001c   P4IN
0000001d   P4OUT
00000011   P4REN
0000001f   P4SEL
0000a510   Port_1_ISR
00009538   RBX430_init
00009ad8   START_LEVEL_event
00009dc4   SWITCH_1_event
0000a022   SWITCH_2_event
0000a28c   SWITCH_3_event
0000a370   SWITCH_4_event
00000172   TACCR0
00000174   TACCR1
00000176   TACCR2
00000162   TACCTL0
00000164   TACCTL1
00000166   TACCTL2
00000160   TACTL
0000012e   TAIV
00000170   TAR
0000031e   TB0_tone_on
00000192   TBCCR0
00000194   TBCCR1
00000196   TBCCR2
00000182   TBCCTL0
00000184   TBCCTL1
00000186   TBCCTL2
00000180   TBCTL
0000011e   TBIV
00000190   TBR
0000005d   UCA0ABCTL
00000062   UCA0BR0
00000063   UCA0BR1
00000060   UCA0CTL0
00000061   UCA0CTL1
0000005f   UCA0IRRCTL
0000005e   UCA0IRTCTL
00000064   UCA0MCTL
00000066   UCA0RXBUF
00000065   UCA0STAT
00000067   UCA0TXBUF
0000006a   UCB0BR0
0000006b   UCB0BR1
00000068   UCB0CTL0
00000069   UCB0CTL1
0000006c   UCB0I2CIE
00000118   UCB0I2COA
0000011a   UCB0I2CSA
0000006e   UCB0RXBUF
0000006d   UCB0STAT
0000006f   UCB0TXBUF
00000120   WDTCTL
000095f8   WDT_ISR
00000320   WDT_cps_cnt
00000322   WDT_debounce_cnt
0000031a   WDT_delay
00000324   WDT_move_cnt
00000600   __STACK_END
00000050   __STACK_SIZE
00000109   __SYSMEM_SIZE
0000b5fe   __TI_CINIT_Base
0000b606   __TI_CINIT_Limit
0000b5f4   __TI_Handler_Table_Base
0000b5fa   __TI_Handler_Table_Limit
UNDEFED    __TI_INITARRAY_Base
UNDEFED    __TI_INITARRAY_Limit
0000a344   __TI_ISR_TRAP
00000001   __TI_args_main
0000a58c   __TI_decompress_none
0000a622   __TI_decompress_rle24
00000001   __TI_exit
0000ffe4   __TI_int02
0000ffe6   __TI_int03
0000ffea   __TI_int05
0000ffec   __TI_int06
0000ffee   __TI_int07
0000fff0   __TI_int08
0000fff2   __TI_int09
0000fff4   __TI_int10
0000fff8   __TI_int12
0000fffa   __TI_int13
0000fffc   __TI_int14
0000a550   __TI_zero_init
ffffffff   __binit__
ffffffff   __c_args__
0000a39c   __mspabi_divi
0000a526   __mspabi_divu
0000a5ce   __mspabi_func_epilog_1
0000a5cc   __mspabi_func_epilog_2
0000a5ca   __mspabi_func_epilog_3
0000a5c8   __mspabi_func_epilog_4
0000a5c6   __mspabi_func_epilog_5
0000a5c4   __mspabi_func_epilog_6
0000a5c2   __mspabi_func_epilog_7
0000a578   __mspabi_mpyi
0000a3f2   __mspabi_mpyl
0000a39c   __mspabi_remi
0000a526   __mspabi_remu
0000a59e   __mspabi_srll
00009cac   _auto_init
0000a4dc   _c_int00
0000a4dc   _c_int00_noexit
0000044e   _lock
0000a630   _nop
0000fffe   _reset_vector
000005b0   _stack
00000344   _sys_memory
0000a628   _system_pre_init
00000450   _unlock
0000a62c   abort
00008684   add_head
00000326   backlight_cnt
0000a53c   beep
ffffffff   binit
0000a61a   blink
0000a5d2   charge
000099d2   checkFood
0000926a   checkRock
00009d68   checkScore
00009f30   checkSnake
00009160   createFoods
00009bd4   createRocks
0000b152   cs
00009e16   delete_tail
0000033d   direction
0000a22c   doDitty
0000a132   draw_circle_food
0000a164   draw_diamond_food
00009f6e   draw_rock
0000a196   draw_square_food
0000a1c8   draw_star_food
0000a1fa   draw_triangle_food
0000b44a   dv3
00000300   food
00009a58   free
00000328   game_mode
0000033e   head
0000032a   i2c_fSCL
0000a5e0   imperial_march
0000b332   imperial_march_notes
00009d0a   lcd_WD
00009e60   lcd_WD2
0000a564   lcd_backlight
00008c78   lcd_circle
0000a608   lcd_clear
0000a25c   lcd_cursor
000098b6   lcd_diamond
00008812   lcd_init
00008000   lcd_point
0000a418   lcd_printf
00008f0c   lcd_putchar
0000994a   lcd_rectangle
0000a2ba   lcd_set
0000a0fe   lcd_set_x_y
0000a480   lcd_square
00009766   lcd_star
00009b56   lcd_triangle
00009464   lcd_wordImage
00000342   level
0000903e   main
0000980e   malloc
0000a5b0   memcpy
0000a05a   minit
0000032e   move_cnt
0000a2e8   newFood
0000a3c8   newRock
00009fac   new_snake
00009ef0   outTone
0000a316   port1_init
0000b5da   px_off
0000b5e0   px_on
0000a092   rand
0000a5fc   rasberry
00000314   rocks
00000330   score
00000332   seconds
00000200   snake
0000a632   snake1_image
0000acb4   snake_text_image
0000a5ee   strlen
00000336   sys_event
00000343   tail
0000033a   time_left
0000a4f6   timerB_init
0000a43c   watchdog_init


GLOBAL SYMBOLS: SORTED BY Symbol Address 

address    name
--------   ----
00000000   IE1
00000001   IE2
00000001   __TI_args_main
00000001   __TI_exit
00000002   IFG1
00000003   IFG2
00000010   P3REN
00000011   P4REN
00000018   P3IN
00000019   P3OUT
0000001a   P3DIR
0000001b   P3SEL
0000001c   P4IN
0000001d   P4OUT
0000001e   P4DIR
0000001f   P4SEL
00000020   P1IN
00000021   P1OUT
00000022   P1DIR
00000023   P1IFG
00000024   P1IES
00000025   P1IE
00000026   P1SEL
00000027   P1REN
00000028   P2IN
00000029   P2OUT
0000002a   P2DIR
0000002b   P2IFG
0000002c   P2IES
0000002d   P2IE
0000002e   P2SEL
0000002f   P2REN
00000048   ADC10DTC0
00000049   ADC10DTC1
0000004a   ADC10AE0
0000004b   ADC10AE1
00000050   __STACK_SIZE
00000053   BCSCTL3
00000056   DCOCTL
00000057   BCSCTL1
00000058   BCSCTL2
0000005d   UCA0ABCTL
0000005e   UCA0IRTCTL
0000005f   UCA0IRRCTL
00000060   UCA0CTL0
00000061   UCA0CTL1
00000062   UCA0BR0
00000063   UCA0BR1
00000064   UCA0MCTL
00000065   UCA0STAT
00000066   UCA0RXBUF
00000067   UCA0TXBUF
00000068   UCB0CTL0
00000069   UCB0CTL1
0000006a   UCB0BR0
0000006b   UCB0BR1
0000006c   UCB0I2CIE
0000006d   UCB0STAT
0000006e   UCB0RXBUF
0000006f   UCB0TXBUF
000000c0   OA0CTL0
000000c1   OA0CTL1
000000c2   OA1CTL0
000000c3   OA1CTL1
00000109   __SYSMEM_SIZE
00000118   UCB0I2COA
0000011a   UCB0I2CSA
0000011e   TBIV
00000120   WDTCTL
00000128   FCTL1
0000012a   FCTL2
0000012c   FCTL3
0000012e   TAIV
00000160   TACTL
00000162   TACCTL0
00000164   TACCTL1
00000166   TACCTL2
00000170   TAR
00000172   TACCR0
00000174   TACCR1
00000176   TACCR2
00000180   TBCTL
00000182   TBCCTL0
00000184   TBCCTL1
00000186   TBCCTL2
00000190   TBR
00000192   TBCCR0
00000194   TBCCR1
00000196   TBCCR2
000001b0   ADC10CTL0
000001b2   ADC10CTL1
000001b4   ADC10MEM
000001bc   ADC10SA
00000200   snake
00000300   food
00000314   rocks
0000031a   WDT_delay
0000031e   TB0_tone_on
00000320   WDT_cps_cnt
00000322   WDT_debounce_cnt
00000324   WDT_move_cnt
00000326   backlight_cnt
00000328   game_mode
0000032a   i2c_fSCL
0000032e   move_cnt
00000330   score
00000332   seconds
00000336   sys_event
0000033a   time_left
0000033d   direction
0000033e   head
00000342   level
00000343   tail
00000344   _sys_memory
0000044e   _lock
00000450   _unlock
000005b0   _stack
00000600   __STACK_END
000010f8   CALDCO_16MHZ
000010f9   CALBC1_16MHZ
000010fa   CALDCO_12MHZ
000010fb   CALBC1_12MHZ
000010fc   CALDCO_8MHZ
000010fd   CALBC1_8MHZ
000010fe   CALDCO_1MHZ
000010ff   CALBC1_1MHZ
00008000   lcd_point
0000848a   MOVE_SNAKE_event
00008684   add_head
00008812   lcd_init
00008998   ERROR2
00008b10   LCD_UPDATE_event
00008c78   lcd_circle
00008dd2   NEXT_LEVEL_event
00008f0c   lcd_putchar
0000903e   main
00009160   createFoods
0000926a   checkRock
0000936e   END_GAME_event
00009464   lcd_wordImage
00009538   RBX430_init
000095f8   WDT_ISR
000096b8   NEW_GAME_event
00009766   lcd_star
0000980e   malloc
000098b6   lcd_diamond
0000994a   lcd_rectangle
000099d2   checkFood
00009a58   free
00009ad8   START_LEVEL_event
00009b56   lcd_triangle
00009bd4   createRocks
00009cac   _auto_init
00009d0a   lcd_WD
00009d68   checkScore
00009dc4   SWITCH_1_event
00009e16   delete_tail
00009e60   lcd_WD2
00009ef0   outTone
00009f30   checkSnake
00009f6e   draw_rock
00009fac   new_snake
0000a022   SWITCH_2_event
0000a05a   minit
0000a092   rand
0000a0fe   lcd_set_x_y
0000a132   draw_circle_food
0000a164   draw_diamond_food
0000a196   draw_square_food
0000a1c8   draw_star_food
0000a1fa   draw_triangle_food
0000a22c   doDitty
0000a25c   lcd_cursor
0000a28c   SWITCH_3_event
0000a2ba   lcd_set
0000a2e8   newFood
0000a316   port1_init
0000a344   ISR_trap
0000a344   __TI_ISR_TRAP
0000a370   SWITCH_4_event
0000a39c   __mspabi_divi
0000a39c   __mspabi_remi
0000a3c8   newRock
0000a3f2   __mspabi_mpyl
0000a418   lcd_printf
0000a43c   watchdog_init
0000a480   lcd_square
0000a4dc   _c_int00
0000a4dc   _c_int00_noexit
0000a4f6   timerB_init
0000a510   Port_1_ISR
0000a526   __mspabi_divu
0000a526   __mspabi_remu
0000a53c   beep
0000a550   __TI_zero_init
0000a564   lcd_backlight
0000a578   __mspabi_mpyi
0000a58c   __TI_decompress_none
0000a59e   __mspabi_srll
0000a5b0   memcpy
0000a5c2   __mspabi_func_epilog_7
0000a5c4   __mspabi_func_epilog_6
0000a5c6   __mspabi_func_epilog_5
0000a5c8   __mspabi_func_epilog_4
0000a5ca   __mspabi_func_epilog_3
0000a5cc   __mspabi_func_epilog_2
0000a5ce   __mspabi_func_epilog_1
0000a5d2   charge
0000a5e0   imperial_march
0000a5ee   strlen
0000a5fc   rasberry
0000a608   lcd_clear
0000a612   ADC10_ISR
0000a61a   blink
0000a622   __TI_decompress_rle24
0000a628   _system_pre_init
0000a62c   C$$EXIT
0000a62c   abort
0000a630   _nop
0000a632   snake1_image
0000acb4   snake_text_image
0000b152   cs
0000b332   imperial_march_notes
0000b44a   dv3
0000b59e   Charge
0000b5da   px_off
0000b5e0   px_on
0000b5f4   __TI_Handler_Table_Base
0000b5fa   __TI_Handler_Table_Limit
0000b5fe   __TI_CINIT_Base
0000b606   __TI_CINIT_Limit
0000ffe4   __TI_int02
0000ffe6   __TI_int03
0000ffea   __TI_int05
0000ffec   __TI_int06
0000ffee   __TI_int07
0000fff0   __TI_int08
0000fff2   __TI_int09
0000fff4   __TI_int10
0000fff8   __TI_int12
0000fffa   __TI_int13
0000fffc   __TI_int14
0000fffe   _reset_vector
ffffffff   __binit__
ffffffff   __c_args__
ffffffff   binit
UNDEFED    __TI_INITARRAY_Base
UNDEFED    __TI_INITARRAY_Limit

[248 symbols]
